Component: ARM Compiler 5.06 update 6 (build 750) Tool: armlink [4d35ed]

==============================================================================

Section Cross References

    startup_stm32f103xb.o(RESET) refers to startup_stm32f103xb.o(STACK) for __initial_sp
    startup_stm32f103xb.o(RESET) refers to startup_stm32f103xb.o(.text) for Reset_Handler
    startup_stm32f103xb.o(RESET) refers to stm32f1xx_it.o(i.NMI_Handler) for NMI_Handler
    startup_stm32f103xb.o(RESET) refers to stm32f1xx_it.o(i.HardFault_Handler) for HardFault_Handler
    startup_stm32f103xb.o(RESET) refers to stm32f1xx_it.o(i.MemManage_Handler) for MemManage_Handler
    startup_stm32f103xb.o(RESET) refers to stm32f1xx_it.o(i.BusFault_Handler) for BusFault_Handler
    startup_stm32f103xb.o(RESET) refers to stm32f1xx_it.o(i.UsageFault_Handler) for UsageFault_Handler
    startup_stm32f103xb.o(RESET) refers to stm32f1xx_it.o(i.SVC_Handler) for SVC_Handler
    startup_stm32f103xb.o(RESET) refers to stm32f1xx_it.o(i.DebugMon_Handler) for DebugMon_Handler
    startup_stm32f103xb.o(RESET) refers to stm32f1xx_it.o(i.PendSV_Handler) for PendSV_Handler
    startup_stm32f103xb.o(RESET) refers to stm32f1xx_it.o(i.SysTick_Handler) for SysTick_Handler
    startup_stm32f103xb.o(RESET) refers to stm32f1xx_it.o(i.USB_LP_CAN1_RX0_IRQHandler) for USB_LP_CAN1_RX0_IRQHandler
    startup_stm32f103xb.o(RESET) refers to stm32f1xx_it.o(i.TIM2_IRQHandler) for TIM2_IRQHandler
    startup_stm32f103xb.o(.text) refers to system_stm32f1xx.o(i.SystemInit) for SystemInit
    startup_stm32f103xb.o(.text) refers to entry.o(.ARM.Collect$$$$00000000) for __main
    motor.o(i.ControlSpeed) refers to motor.o(i.MotorGetPulse) for MotorGetPulse
    motor.o(i.ControlSpeed) refers to fflti.o(.text) for __aeabi_i2f
    motor.o(i.ControlSpeed) refers to pid.o(i.PIDCompute) for PIDCompute
    motor.o(i.ControlSpeed) refers to fadd.o(.text) for __aeabi_fadd
    motor.o(i.ControlSpeed) refers to ffixi.o(.text) for __aeabi_f2iz
    motor.o(i.ControlSpeed) refers to motor.o(i.MotorSetDir) for MotorSetDir
    motor.o(i.ControlSpeed) refers to motor.o(.data) for .data
    motor.o(i.ControlSpeed) refers to motor.o(.bss) for .bss
    motor.o(i.ControlSpeed) refers to tim.o(.bss) for htim3
    motor.o(i.ControlSpeed) refers to main.o(.data) for g_nCntPulse
    motor.o(i.ConvertDegToPulse) refers to ffltui.o(.text) for __aeabi_ui2f
    motor.o(i.ConvertDegToPulse) refers to fscalb.o(.text) for __ARM_scalbnf
    motor.o(i.ConvertDegToPulse) refers to fmul.o(.text) for __aeabi_fmul
    motor.o(i.ConvertDegToPulse) refers to fdiv.o(.text) for __aeabi_fdiv
    motor.o(i.ConvertSpeedToPulse) refers to ffltui.o(.text) for __aeabi_ui2f
    motor.o(i.MotorGetPulse) refers to tim.o(.bss) for htim4
    motor.o(i.MotorInit) refers to stm32f1xx_hal_tim.o(i.HAL_TIM_Base_Start_IT) for HAL_TIM_Base_Start_IT
    motor.o(i.MotorInit) refers to stm32f1xx_hal_tim.o(i.HAL_TIM_PWM_Start) for HAL_TIM_PWM_Start
    motor.o(i.MotorInit) refers to stm32f1xx_hal_tim.o(i.HAL_TIM_Encoder_Start) for HAL_TIM_Encoder_Start
    motor.o(i.MotorInit) refers to pid.o(i.PIDReset) for PIDReset
    motor.o(i.MotorInit) refers to pid.o(i.PIDInit) for PIDInit
    motor.o(i.MotorInit) refers to motor.o(i.MotorSetDir) for MotorSetDir
    motor.o(i.MotorInit) refers to tim.o(.bss) for htim2
    motor.o(i.MotorInit) refers to motor.o(.bss) for .bss
    motor.o(i.MotorMovePos) refers to motor.o(i.MotorGetPulse) for MotorGetPulse
    motor.o(i.MotorMovePos) refers to cfcmple.o(.text) for __aeabi_cfcmple
    motor.o(i.MotorMovePos) refers to fmul.o(.text) for __aeabi_fmul
    motor.o(i.MotorMovePos) refers to ffixi.o(.text) for __aeabi_f2iz
    motor.o(i.MotorMovePos) refers to fflti.o(.text) for __aeabi_i2f
    motor.o(i.MotorMovePos) refers to fscalb.o(.text) for __ARM_scalbnf
    motor.o(i.MotorMovePos) refers to fadd.o(.text) for __aeabi_fadd
    motor.o(i.MotorMovePos) refers to ffixui.o(.text) for __aeabi_f2uiz
    motor.o(i.MotorMovePos) refers to motor.o(i.ConvertDegToPulse) for ConvertDegToPulse
    motor.o(i.MotorMovePos) refers to pid.o(i.PIDCompute) for PIDCompute
    motor.o(i.MotorMovePos) refers to motor.o(i.MotorSetDir) for MotorSetDir
    motor.o(i.MotorMovePos) refers to cfrcmple.o(.text) for __aeabi_cfrcmple
    motor.o(i.MotorMovePos) refers to f2d.o(.text) for __aeabi_f2d
    motor.o(i.MotorMovePos) refers to dadd.o(.text) for __aeabi_dadd
    motor.o(i.MotorMovePos) refers to d2f.o(.text) for __aeabi_d2f
    motor.o(i.MotorMovePos) refers to motor.o(.bss) for .bss
    motor.o(i.MotorMovePos) refers to motor.o(.data) for .data
    motor.o(i.MotorMovePos) refers to main.o(.data) for g_direct
    motor.o(i.MotorMovePos) refers to tim.o(.bss) for htim3
    motor.o(i.MotorPosTuning) refers to motor.o(i.MotorGetPulse) for MotorGetPulse
    motor.o(i.MotorPosTuning) refers to motor.o(i.ConvertDegToPulse) for ConvertDegToPulse
    motor.o(i.MotorPosTuning) refers to fflti.o(.text) for __aeabi_i2f
[...]
    i.TIM_ITRx_SetConfig                     0x080031fe   Section        0  stm32f1xx_hal_tim.o(i.TIM_ITRx_SetConfig)
    TIM_ITRx_SetConfig                       0x080031ff   Thumb Code    16  stm32f1xx_hal_tim.o(i.TIM_ITRx_SetConfig)
    i.TIM_OC1_SetConfig                      0x08003210   Section        0  stm32f1xx_hal_tim.o(i.TIM_OC1_SetConfig)
    TIM_OC1_SetConfig                        0x08003211   Thumb Code    74  stm32f1xx_hal_tim.o(i.TIM_OC1_SetConfig)
    i.TIM_OC2_SetConfig                      0x08003260   Section        0  stm32f1xx_hal_tim.o(i.TIM_OC2_SetConfig)
    i.TIM_OC3_SetConfig                      0x080032b8   Section        0  stm32f1xx_hal_tim.o(i.TIM_OC3_SetConfig)
    TIM_OC3_SetConfig                        0x080032b9   Thumb Code    82  stm32f1xx_hal_tim.o(i.TIM_OC3_SetConfig)
    i.TIM_OC4_SetConfig                      0x08003310   Section        0  stm32f1xx_hal_tim.o(i.TIM_OC4_SetConfig)
    TIM_OC4_SetConfig                        0x08003311   Thumb Code    64  stm32f1xx_hal_tim.o(i.TIM_OC4_SetConfig)
    i.TIM_TI1_ConfigInputStage               0x08003354   Section        0  stm32f1xx_hal_tim.o(i.TIM_TI1_ConfigInputStage)
    TIM_TI1_ConfigInputStage                 0x08003355   Thumb Code    34  stm32f1xx_hal_tim.o(i.TIM_TI1_ConfigInputStage)
    i.TIM_TI2_ConfigInputStage               0x08003376   Section        0  stm32f1xx_hal_tim.o(i.TIM_TI2_ConfigInputStage)
    TIM_TI2_ConfigInputStage                 0x08003377   Thumb Code    36  stm32f1xx_hal_tim.o(i.TIM_TI2_ConfigInputStage)
    i.USBD_CDC_DataIn                        0x0800339a   Section        0  usbd_cdc.o(i.USBD_CDC_DataIn)
    USBD_CDC_DataIn                          0x0800339b   Thumb Code    70  usbd_cdc.o(i.USBD_CDC_DataIn)
    i.USBD_CDC_DataOut                       0x080033e0   Section        0  usbd_cdc.o(i.USBD_CDC_DataOut)
    USBD_CDC_DataOut                         0x080033e1   Thumb Code    46  usbd_cdc.o(i.USBD_CDC_DataOut)
    i.USBD_CDC_DeInit                        0x0800340e   Section        0  usbd_cdc.o(i.USBD_CDC_DeInit)
    USBD_CDC_DeInit                          0x0800340f   Thumb Code    68  usbd_cdc.o(i.USBD_CDC_DeInit)
    i.USBD_CDC_EP0_RxReady                   0x08003452   Section        0  usbd_cdc.o(i.USBD_CDC_EP0_RxReady)
    USBD_CDC_EP0_RxReady                     0x08003453   Thumb Code    36  usbd_cdc.o(i.USBD_CDC_EP0_RxReady)
    i.USBD_CDC_GetDeviceQualifierDescriptor  0x08003478   Section        0  usbd_cdc.o(i.USBD_CDC_GetDeviceQualifierDescriptor)
    i.USBD_CDC_GetFSCfgDesc                  0x08003484   Section        0  usbd_cdc.o(i.USBD_CDC_GetFSCfgDesc)
    USBD_CDC_GetFSCfgDesc                    0x08003485   Thumb Code     8  usbd_cdc.o(i.USBD_CDC_GetFSCfgDesc)
    i.USBD_CDC_GetHSCfgDesc                  0x08003490   Section        0  usbd_cdc.o(i.USBD_CDC_GetHSCfgDesc)
    USBD_CDC_GetHSCfgDesc                    0x08003491   Thumb Code     8  usbd_cdc.o(i.USBD_CDC_GetHSCfgDesc)
    i.USBD_CDC_GetOtherSpeedCfgDesc          0x0800349c   Section        0  usbd_cdc.o(i.USBD_CDC_GetOtherSpeedCfgDesc)
    USBD_CDC_GetOtherSpeedCfgDesc            0x0800349d   Thumb Code     8  usbd_cdc.o(i.USBD_CDC_GetOtherSpeedCfgDesc)
    i.USBD_CDC_Init                          0x080034a8   Section        0  usbd_cdc.o(i.USBD_CDC_Init)
    USBD_CDC_Init                            0x080034a9   Thumb Code   148  usbd_cdc.o(i.USBD_CDC_Init)
    i.USBD_CDC_ReceivePacket                 0x0800353c   Section        0  usbd_cdc.o(i.USBD_CDC_ReceivePacket)
    i.USBD_CDC_RegisterInterface             0x08003564   Section        0  usbd_cdc.o(i.USBD_CDC_RegisterInterface)
    i.USBD_CDC_SetRxBuffer                   0x08003574   Section        0  usbd_cdc.o(i.USBD_CDC_SetRxBuffer)
    i.USBD_CDC_SetTxBuffer                   0x08003580   Section        0  usbd_cdc.o(i.USBD_CDC_SetTxBuffer)
    i.USBD_CDC_Setup                         0x08003590   Section        0  usbd_cdc.o(i.USBD_CDC_Setup)
    USBD_CDC_Setup                           0x08003591   Thumb Code   172  usbd_cdc.o(i.USBD_CDC_Setup)
    i.USBD_CDC_TransmitPacket                0x0800363c   Section        0  usbd_cdc.o(i.USBD_CDC_TransmitPacket)
    i.USBD_ClrClassConfig                    0x08003672   Section        0  usbd_core.o(i.USBD_ClrClassConfig)
    i.USBD_CtlContinueRx                     0x08003680   Section        0  usbd_ioreq.o(i.USBD_CtlContinueRx)
    i.USBD_CtlContinueSendData               0x08003690   Section        0  usbd_ioreq.o(i.USBD_CtlContinueSendData)
    i.USBD_CtlError                          0x080036a0   Section        0  usbd_ctlreq.o(i.USBD_CtlError)
    i.USBD_CtlPrepareRx                      0x080036b6   Section        0  usbd_ioreq.o(i.USBD_CtlPrepareRx)
    i.USBD_CtlReceiveStatus                  0x080036d4   Section        0  usbd_ioreq.o(i.USBD_CtlReceiveStatus)
    i.USBD_CtlSendData                       0x080036ea   Section        0  usbd_ioreq.o(i.USBD_CtlSendData)
    i.USBD_CtlSendStatus                     0x08003704   Section        0  usbd_ioreq.o(i.USBD_CtlSendStatus)
    i.USBD_FS_ConfigStrDescriptor            0x0800371c   Section        0  usbd_desc.o(i.USBD_FS_ConfigStrDescriptor)
    i.USBD_FS_DeviceDescriptor               0x0800373c   Section        0  usbd_desc.o(i.USBD_FS_DeviceDescriptor)
    i.USBD_FS_InterfaceStrDescriptor         0x08003748   Section        0  usbd_desc.o(i.USBD_FS_InterfaceStrDescriptor)
    i.USBD_FS_LangIDStrDescriptor            0x0800376c   Section        0  usbd_desc.o(i.USBD_FS_LangIDStrDescriptor)
    i.USBD_FS_ManufacturerStrDescriptor      0x08003778   Section        0  usbd_desc.o(i.USBD_FS_ManufacturerStrDescriptor)
    i.USBD_FS_ProductStrDescriptor           0x080037a0   Section        0  usbd_desc.o(i.USBD_FS_ProductStrDescriptor)
    i.USBD_FS_SerialStrDescriptor            0x080037cc   Section        0  usbd_desc.o(i.USBD_FS_SerialStrDescriptor)
    i.USBD_GetDescriptor                     0x08003804   Section        0  usbd_ctlreq.o(i.USBD_GetDescriptor)
    USBD_GetDescriptor                       0x08003805   Thumb Code   232  usbd_ctlreq.o(i.USBD_GetDescriptor)
    i.USBD_GetString                         0x080038ec   Section        0  usbd_ctlreq.o(i.USBD_GetString)
    i.USBD_Get_USB_Status                    0x08003934   Section        0  usbd_conf.o(i.USBD_Get_USB_Status)
    USBD_Get_USB_Status                      0x08003935   Thumb Code    24  usbd_conf.o(i.USBD_Get_USB_Status)
    i.USBD_Init                              0x0800394c   Section        0  usbd_core.o(i.USBD_Init)
    i.USBD_LL_ClearStallEP                   0x08003976   Section        0  usbd_conf.o(i.USBD_LL_ClearStallEP)
    i.USBD_LL_CloseEP                        0x08003988   Section        0  usbd_conf.o(i.USBD_LL_CloseEP)
    i.USBD_LL_DataInStage                    0x0800399a   Section        0  usbd_core.o(i.USBD_LL_DataInStage)
    i.USBD_LL_DataOutStage                   0x08003a60   Section        0  usbd_core.o(i.USBD_LL_DataOutStage)
    i.USBD_LL_GetRxDataSize                  0x08003ae2   Section        0  usbd_conf.o(i.USBD_LL_GetRxDataSize)
    i.USBD_LL_Init                           0x08003aec   Section        0  usbd_conf.o(i.USBD_LL_Init)
    i.USBD_LL_IsStallEP                      0x08003b6c   Section        0  usbd_conf.o(i.USBD_LL_IsStallEP)
    i.USBD_LL_OpenEP                         0x08003b8c   Section        0  usbd_conf.o(i.USBD_LL_OpenEP)
    i.USBD_LL_PrepareReceive                 0x08003ba4   Section        0  usbd_conf.o(i.USBD_LL_PrepareReceive)
    i.USBD_LL_Reset                          0x08003bb6   Section        0  usbd_core.o(i.USBD_LL_Reset)
    i.USBD_LL_Resume                         0x08003c06   Section        0  usbd_core.o(i.USBD_LL_Resume)
    i.USBD_LL_SOF                            0x08003c1a   Section        0  usbd_core.o(i.USBD_LL_SOF)
    i.USBD_LL_SetSpeed                       0x08003c32   Section        0  usbd_core.o(i.USBD_LL_SetSpeed)
    i.USBD_LL_SetUSBAddress                  0x08003c38   Section        0  usbd_conf.o(i.USBD_LL_SetUSBAddress)
    i.USBD_LL_SetupStage                     0x08003c4a   Section        0  usbd_core.o(i.USBD_LL_SetupStage)
    i.USBD_LL_StallEP                        0x08003ca4   Section        0  usbd_conf.o(i.USBD_LL_StallEP)
    i.USBD_LL_Start                          0x08003cb6   Section        0  usbd_conf.o(i.USBD_LL_Start)
    i.USBD_LL_Suspend                        0x08003cc8   Section        0  usbd_core.o(i.USBD_LL_Suspend)
    i.USBD_LL_Transmit                       0x08003cda   Section        0  usbd_conf.o(i.USBD_LL_Transmit)
    i.USBD_ParseSetupRequest                 0x08003cec   Section        0  usbd_ctlreq.o(i.USBD_ParseSetupRequest)
    i.USBD_RegisterClass                     0x08003d14   Section        0  usbd_core.o(i.USBD_RegisterClass)
    i.USBD_SetClassConfig                    0x08003d24   Section        0  usbd_core.o(i.USBD_SetClassConfig)
    i.USBD_SetConfig                         0x08003d3c   Section        0  usbd_ctlreq.o(i.USBD_SetConfig)
    USBD_SetConfig                           0x08003d3d   Thumb Code   128  usbd_ctlreq.o(i.USBD_SetConfig)
    i.USBD_Start                             0x08003dc0   Section        0  usbd_core.o(i.USBD_Start)
    i.USBD_StdDevReq                         0x08003dca   Section        0  usbd_ctlreq.o(i.USBD_StdDevReq)
    i.USBD_StdEPReq                          0x08003edc   Section        0  usbd_ctlreq.o(i.USBD_StdEPReq)
    i.USBD_StdItfReq                         0x0800402c   Section        0  usbd_ctlreq.o(i.USBD_StdItfReq)
    i.USBD_static_free                       0x0800407a   Section        0  usbd_conf.o(i.USBD_static_free)
    i.USBD_static_malloc                     0x0800407c   Section        0  usbd_conf.o(i.USBD_static_malloc)
    i.USB_ActivateEndpoint                   0x08004084   Section        0  stm32f1xx_ll_usb.o(i.USB_ActivateEndpoint)
    i.USB_CoreInit                           0x080042dc   Section        0  stm32f1xx_ll_usb.o(i.USB_CoreInit)
    i.USB_DeactivateEndpoint                 0x080042e0   Section        0  stm32f1xx_ll_usb.o(i.USB_DeactivateEndpoint)
    i.USB_DevConnect                         0x080043ee   Section        0  stm32f1xx_ll_usb.o(i.USB_DevConnect)
    i.USB_DevDisconnect                      0x080043f2   Section        0  stm32f1xx_ll_usb.o(i.USB_DevDisconnect)
    i.USB_DevInit                            0x080043f6   Section        0  stm32f1xx_ll_usb.o(i.USB_DevInit)
    i.USB_DisableGlobalInt                   0x08004408   Section        0  stm32f1xx_ll_usb.o(i.USB_DisableGlobalInt)
    i.USB_EP0_OutStart                       0x08004416   Section        0  stm32f1xx_ll_usb.o(i.USB_EP0_OutStart)
    i.USB_EPClearStall                       0x0800441a   Section        0  stm32f1xx_ll_usb.o(i.USB_EPClearStall)
    i.USB_EPSetStall                         0x08004492   Section        0  stm32f1xx_ll_usb.o(i.USB_EPSetStall)
    i.USB_EPStartXfer                        0x080044c4   Section        0  stm32f1xx_ll_usb.o(i.USB_EPStartXfer)
    i.USB_EnableGlobalInt                    0x08004992   Section        0  stm32f1xx_ll_usb.o(i.USB_EnableGlobalInt)
    i.USB_LP_CAN1_RX0_IRQHandler             0x080049a4   Section        0  stm32f1xx_it.o(i.USB_LP_CAN1_RX0_IRQHandler)
    i.USB_ReadInterrupts                     0x080049b0   Section        0  stm32f1xx_ll_usb.o(i.USB_ReadInterrupts)
    i.USB_ReadPMA                            0x080049b8   Section        0  stm32f1xx_ll_usb.o(i.USB_ReadPMA)
    i.USB_SetCurrentMode                     0x080049e4   Section        0  stm32f1xx_ll_usb.o(i.USB_SetCurrentMode)
    i.USB_SetDevAddress                      0x080049e8   Section        0  stm32f1xx_ll_usb.o(i.USB_SetDevAddress)
    i.USB_WritePMA                           0x080049f4   Section        0  stm32f1xx_ll_usb.o(i.USB_WritePMA)
    i.UsageFault_Handler                     0x08004a1a   Section        0  stm32f1xx_it.o(i.UsageFault_Handler)
    i.__ARM_fpclassify                       0x08004a1c   Section        0  fpclassify.o(i.__ARM_fpclassify)
    i.__NVIC_SetPriority                     0x08004a44   Section        0  stm32f1xx_hal_cortex.o(i.__NVIC_SetPriority)
    __NVIC_SetPriority                       0x08004a45   Thumb Code    32  stm32f1xx_hal_cortex.o(i.__NVIC_SetPriority)
    i.__kernel_poly                          0x08004a64   Section        0  poly.o(i.__kernel_poly)
    i.__mathlib_dbl_divzero                  0x08004b10   Section        0  dunder.o(i.__mathlib_dbl_divzero)
    i.__mathlib_dbl_infnan2                  0x08004b20   Section        0  dunder.o(i.__mathlib_dbl_infnan2)
    i.__mathlib_dbl_invalid                  0x08004b24   Section        0  dunder.o(i.__mathlib_dbl_invalid)
    i.__mathlib_dbl_overflow                 0x08004b30   Section        0  dunder.o(i.__mathlib_dbl_overflow)
    i.__mathlib_dbl_underflow                0x08004b40   Section        0  dunder.o(i.__mathlib_dbl_underflow)
    i.__scatterload_copy                     0x08004b50   Section       14  handlers.o(i.__scatterload_copy)
    i.__scatterload_null                     0x08004b5e   Section        2  handlers.o(i.__scatterload_null)
    i.__scatterload_zeroinit                 0x08004b60   Section       14  handlers.o(i.__scatterload_zeroinit)
    i.__set_errno                            0x08004b70   Section        0  errno.o(i.__set_errno)
    i.free                                   0x08004b7c   Section        0  malloc.o(i.free)
    i.main                                   0x08004bcc   Section        0  main.o(i.main)
    i.malloc                                 0x08005068   Section        0  malloc.o(i.malloc)
    i.pow                                    0x080050d4   Section        0  pow.o(i.pow)
    i.sqrt                                   0x08005aac   Section        0  sqrt.o(i.sqrt)
    i.subString                              0x08005af8   Section        0  serial.o(i.subString)
    .constdata                               0x08005b1a   Section       16  system_stm32f1xx.o(.constdata)
    .constdata                               0x08005b30   Section      136  pow.o(.constdata)
    bp                                       0x08005b30   Data          16  pow.o(.constdata)
    dp_h                                     0x08005b40   Data          16  pow.o(.constdata)
    dp_l                                     0x08005b50   Data          16  pow.o(.constdata)
    L                                        0x08005b60   Data          48  pow.o(.constdata)
    P                                        0x08005b90   Data          40  pow.o(.constdata)
    .constdata                               0x08005bb8   Section        8  qnan.o(.constdata)
    .data                                    0x20000000   Section        2  motor.o(.data)
    .data                                    0x20000004   Section       24  motor.o(.data)
    .data                                    0x2000001c   Section        4  pid.o(.data)
    .data                                    0x20000020   Section        1  serial.o(.data)
    .data                                    0x20000021   Section       18  serial.o(.data)
    .data                                    0x20000034   Section       28  main.o(.data)
    .data                                    0x20000050   Section       28  usbd_desc.o(.data)
    .data                                    0x2000006c   Section       50  usbd_desc.o(.data)
    .data                                    0x200000a0   Section       16  usbd_cdc_if.o(.data)
    .data                                    0x200000b0   Section       12  stm32f1xx_hal.o(.data)
    .data                                    0x200000bc   Section        4  system_stm32f1xx.o(.data)
    .data                                    0x200000c0   Section        1  usbd_ctlreq.o(.data)
    cfgidx                                   0x200000c0   Data           1  usbd_ctlreq.o(.data)
    .data                                    0x200000c4   Section      215  usbd_cdc.o(.data)
    USBD_CDC_DeviceQualifierDesc             0x200000c4   Data          10  usbd_cdc.o(.data)
    .data                                    0x2000019c   Section       56  usbd_cdc.o(.data)
    .data                                    0x200001d4   Section        4  mvars.o(.data)
    .data                                    0x200001d8   Section        4  mvars.o(.data)
    .data                                    0x200001dc   Section        4  errno.o(.data)
    _errno                                   0x200001dc   Data           4  errno.o(.data)
    .bss                                     0x200001e0   Section       72  motor.o(.bss)
    .bss                                     0x20000228   Section      216  tim.o(.bss)
    .bss                                     0x20000300   Section      708  usb_device.o(.bss)
    .bss                                     0x200005c4   Section      512  usbd_desc.o(.bss)
    .bss                                     0x200007c4   Section      128  usbd_cdc_if.o(.bss)
    .bss                                     0x20000844   Section     1292  usbd_conf.o(.bss)
    mem                                      0x20000844   Data         544  usbd_conf.o(.bss)
    HEAP                                     0x20000d50   Section     2048  startup_stm32f103xb.o(HEAP)
    STACK                                    0x20001550   Section     1024  startup_stm32f103xb.o(STACK)

    Global Symbols

    Symbol Name                              Value     Ov Type        Size  Object(Section)

    BuildAttributes$$THM_ISAv4$P$D$K$B$S$PE$A:L22UL41UL21$X:L11$S22US41US21$IEEE1$IW$USESV6$~STKCKD$USESV7$~SHL$OTIME$ROPI$IEEEX$EBA8$MICROLIB$REQ8$PRES8$EABIv2 0x00000000   Number         0  anon$$obj.o ABSOLUTE
    __ARM_use_no_argv                        0x00000000   Number         0  main.o ABSOLUTE
    __cpp_initialize__aeabi_                  - Undefined Weak Reference
    __cxa_finalize                            - Undefined Weak Reference
    _clock_init                               - Undefined Weak Reference
    _microlib_exit                            - Undefined Weak Reference
    __Vectors_Size                           0x000000ec   Number         0  startup_stm32f103xb.o ABSOLUTE
    __Vectors                                0x08000000   Data           4  startup_stm32f103xb.o(RESET)
    __Vectors_End                            0x080000ec   Data           0  startup_stm32f103xb.o(RESET)
    __main                                   0x080000ed   Thumb Code     0  entry.o(.ARM.Collect$$$$00000000)
    _main_stk                                0x080000ed   Thumb Code     0  entry2.o(.ARM.Collect$$$$00000001)
    _main_scatterload                        0x080000f1   Thumb Code     0  entry5.o(.ARM.Collect$$$$00000004)
    __main_after_scatterload                 0x080000f5   Thumb Code     0  entry5.o(.ARM.Collect$$$$00000004)
    _main_clock                              0x080000f5   Thumb Code     0  entry7b.o(.ARM.Collect$$$$00000008)
    _main_cpp_init                           0x080000f5   Thumb Code     0  entry8b.o(.ARM.Collect$$$$0000000A)
    _main_init                               0x080000f5   Thumb Code     0  entry9a.o(.ARM.Collect$$$$0000000B)
    __rt_final_cpp                           0x080000fd   Thumb Code     0  entry10a.o(.ARM.Collect$$$$0000000D)
    __rt_final_exit                          0x080000fd   Thumb Code     0  entry11a.o(.ARM.Collect$$$$0000000F)
    Reset_Handler                            0x08000101   Thumb Code     8  startup_stm32f103xb.o(.text)
    ADC1_2_IRQHandler                        0x0800011b   Thumb Code     0  startup_stm32f103xb.o(.text)
    CAN1_RX1_IRQHandler                      0x0800011b   Thumb Code     0  startup_stm32f103xb.o(.text)
    CAN1_SCE_IRQHandler                      0x0800011b   Thumb Code     0  startup_stm32f103xb.o(.text)
    DMA1_Channel1_IRQHandler                 0x0800011b   Thumb Code     0  startup_stm32f103xb.o(.text)
    DMA1_Channel2_IRQHandler                 0x0800011b   Thumb Code     0  startup_stm32f103xb.o(.text)
    DMA1_Channel3_IRQHandler                 0x0800011b   Thumb Code     0  startup_stm32f103xb.o(.text)
    DMA1_Channel4_IRQHandler                 0x0800011b   Thumb Code     0  startup_stm32f103xb.o(.text)
    DMA1_Channel5_IRQHandler                 0x0800011b   Thumb Code     0  startup_stm32f103xb.o(.text)
    DMA1_Channel6_IRQHandler                 0x0800011b   Thumb Code     0  startup_stm32f103xb.o(.text)
    DMA1_Channel7_IRQHandler                 0x0800011b   Thumb Code     0  startup_stm32f103xb.o(.text)
    EXTI0_IRQHandler                         0x0800011b   Thumb Code     0  startup_stm32f103xb.o(.text)
    EXTI15_10_IRQHandler                     0x0800011b   Thumb Code     0  startup_stm32f103xb.o(.text)
    EXTI1_IRQHandler                         0x0800011b   Thumb Code     0  startup_stm32f103xb.o(.text)
    EXTI2_IRQHandler                         0x0800011b   Thumb Code     0  startup_stm32f103xb.o(.text)
    EXTI3_IRQHandler                         0x0800011b   Thumb Code     0  startup_stm32f103xb.o(.text)
    EXTI4_IRQHandler                         0x0800011b   Thumb Code     0  startup_stm32f103xb.o(.text)
    EXTI9_5_IRQHandler                       0x0800011b   Thumb Code     0  startup_stm32f103xb.o(.text)
    FLASH_IRQHandler                         0x0800011b   Thumb Code     0  startup_stm32f103xb.o(.text)
    I2C1_ER_IRQHandler                       0x0800011b   Thumb Code     0  startup_stm32f103xb.o(.text)
    I2C1_EV_IRQHandler                       0x0800011b   Thumb Code     0  startup_stm32f103xb.o(.text)
    I2C2_ER_IRQHandler                       0x0800011b   Thumb Code     0  startup_stm32f103xb.o(.text)
    I2C2_EV_IRQHandler                       0x0800011b   Thumb Code     0  startup_stm32f103xb.o(.text)
    PVD_IRQHandler                           0x0800011b   Thumb Code     0  startup_stm32f103xb.o(.text)
    RCC_IRQHandler                           0x0800011b   Thumb Code     0  startup_stm32f103xb.o(.text)
    RTC_Alarm_IRQHandler                     0x0800011b   Thumb Code     0  startup_stm32f103xb.o(.text)
    RTC_IRQHandler                           0x0800011b   Thumb Code     0  startup_stm32f103xb.o(.text)
    SPI1_IRQHandler                          0x0800011b   Thumb Code     0  startup_stm32f103xb.o(.text)
    SPI2_IRQHandler                          0x0800011b   Thumb Code     0  startup_stm32f103xb.o(.text)
    TAMPER_IRQHandler                        0x0800011b   Thumb Code     0  startup_stm32f103xb.o(.text)
    TIM1_BRK_IRQHandler                      0x0800011b   Thumb Code     0  startup_stm32f103xb.o(.text)
    TIM1_CC_IRQHandler                       0x0800011b   Thumb Code     0  startup_stm32f103xb.o(.text)
    TIM1_TRG_COM_IRQHandler                  0x0800011b   Thumb Code     0  startup_stm32f103xb.o(.text)
    TIM1_UP_IRQHandler                       0x0800011b   Thumb Code     0  startup_stm32f103xb.o(.text)
    TIM3_IRQHandler                          0x0800011b   Thumb Code     0  startup_stm32f103xb.o(.text)
    TIM4_IRQHandler                          0x0800011b   Thumb Code     0  startup_stm32f103xb.o(.text)
    USART1_IRQHandler                        0x0800011b   Thumb Code     0  startup_stm32f103xb.o(.text)
    USART2_IRQHandler                        0x0800011b   Thumb Code     0  startup_stm32f103xb.o(.text)
    USART3_IRQHandler                        0x0800011b   Thumb Code     0  startup_stm32f103xb.o(.text)
    USBWakeUp_IRQHandler                     0x0800011b   Thumb Code     0  startup_stm32f103xb.o(.text)
    USB_HP_CAN1_TX_IRQHandler                0x0800011b   Thumb Code     0  startup_stm32f103xb.o(.text)
    WWDG_IRQHandler                          0x0800011b   Thumb Code     0  startup_stm32f103xb.o(.text)
    __aeabi_llsr                             0x08000125   Thumb Code    32  llushr.o(.text)
    _ll_ushift_r                             0x08000125   Thumb Code     0  llushr.o(.text)
    __aeabi_memcpy                           0x08000145   Thumb Code    36  memcpya.o(.text)
    __aeabi_memcpy4                          0x08000145   Thumb Code     0  memcpya.o(.text)
    __aeabi_memcpy8                          0x08000145   Thumb Code     0  memcpya.o(.text)
    __aeabi_memset                           0x08000169   Thumb Code    14  memseta.o(.text)
    __aeabi_memset4                          0x08000169   Thumb Code     0  memseta.o(.text)
    __aeabi_memset8                          0x08000169   Thumb Code     0  memseta.o(.text)
    __aeabi_memclr                           0x08000177   Thumb Code     4  memseta.o(.text)
    __aeabi_memclr4                          0x08000177   Thumb Code     0  memseta.o(.text)
    __aeabi_memclr8                          0x08000177   Thumb Code     0  memseta.o(.text)
    _memset$wrapper                          0x0800017b   Thumb Code    18  memseta.o(.text)
    strlen                                   0x0800018d   Thumb Code    14  strlen.o(.text)
    __aeabi_fadd                             0x0800019b   Thumb Code   164  fadd.o(.text)
    __aeabi_fsub                             0x0800023f   Thumb Code     6  fadd.o(.text)
    __aeabi_frsub                            0x08000245   Thumb Code     6  fadd.o(.text)
    __aeabi_fmul                             0x0800024b   Thumb Code   100  fmul.o(.text)
    __aeabi_fdiv                             0x080002af   Thumb Code   124  fdiv.o(.text)
    __ARM_scalbnf                            0x0800032b   Thumb Code    24  fscalb.o(.text)
    scalbnf                                  0x0800032b   Thumb Code     0  fscalb.o(.text)
    __aeabi_dadd                             0x08000343   Thumb Code   322  dadd.o(.text)
    __aeabi_dsub                             0x08000485   Thumb Code     6  dadd.o(.text)
    __aeabi_drsub                            0x0800048b   Thumb Code     6  dadd.o(.text)
    __aeabi_ddiv                             0x08000491   Thumb Code   222  ddiv.o(.text)
    __aeabi_i2f                              0x0800056f   Thumb Code    18  fflti.o(.text)
    __aeabi_ui2f                             0x08000581   Thumb Code    10  ffltui.o(.text)
    __aeabi_ui2d                             0x0800058b   Thumb Code    26  dfltui.o(.text)
    __aeabi_f2iz                             0x080005a5   Thumb Code    50  ffixi.o(.text)
    __aeabi_f2uiz                            0x080005d7   Thumb Code    40  ffixui.o(.text)
    __aeabi_f2d                              0x080005ff   Thumb Code    38  f2d.o(.text)
    __aeabi_d2f                              0x08000625   Thumb Code    56  d2f.o(.text)
    __aeabi_cfcmpeq                          0x0800065d   Thumb Code     0  cfcmple.o(.text)
    __aeabi_cfcmple                          0x0800065d   Thumb Code    20  cfcmple.o(.text)
    __aeabi_cfrcmple                         0x08000671   Thumb Code    20  cfrcmple.o(.text)
    __aeabi_llsl                             0x08000685   Thumb Code    30  llshl.o(.text)
    _ll_shift_l                              0x08000685   Thumb Code     0  llshl.o(.text)
    __aeabi_lasr                             0x080006a3   Thumb Code    36  llsshr.o(.text)
    _ll_sshift_r                             0x080006a3   Thumb Code     0  llsshr.o(.text)
    __I$use$fp                               0x080006c7   Thumb Code     0  iusefp.o(.text)
    _float_round                             0x080006c7   Thumb Code    18  fepilogue.o(.text)
    _float_epilogue                          0x080006d9   Thumb Code    92  fepilogue.o(.text)
    _double_round                            0x08000735   Thumb Code    30  depilogue.o(.text)
    _double_epilogue                         0x08000753   Thumb Code   156  depilogue.o(.text)
    __aeabi_dmul                             0x080007ef   Thumb Code   228  dmul.o(.text)
    __ARM_scalbn                             0x080008d3   Thumb Code    46  dscalb.o(.text)
    scalbn                                   0x080008d3   Thumb Code     0  dscalb.o(.text)
    __aeabi_i2d                              0x08000901   Thumb Code    34  dflti.o(.text)
    __aeabi_cdrcmple                         0x08000925   Thumb Code    48  cdrcmple.o(.text)
    __scatterload                            0x08000955   Thumb Code    28  init.o(.text)
    __scatterload_rt2                        0x08000955   Thumb Code     0  init.o(.text)
    _dsqrt                                   0x08000979   Thumb Code   162  dsqrt.o(.text)
    __decompress                             0x08000a1b   Thumb Code     0  __dczerorl2.o(.text)
    __decompress1                            0x08000a1b   Thumb Code    86  __dczerorl2.o(.text)
    BusFault_Handler                         0x08000a71   Thumb Code     2  stm32f1xx_it.o(i.BusFault_Handler)
    CDC_Transmit_FS                          0x08000acd   Thumb Code    38  usbd_cdc_if.o(i.CDC_Transmit_FS)
    ControlSpeed                             0x08000af9   Thumb Code   108  motor.o(i.ControlSpeed)
    ConvertDegToPulse                        0x08000b79   Thumb Code    34  motor.o(i.ConvertDegToPulse)
    ConvertSpeedToPulse                      0x08000ba9   Thumb Code    18  motor.o(i.ConvertSpeedToPulse)
    DebugMon_Handler                         0x08000bbb   Thumb Code     2  stm32f1xx_it.o(i.DebugMon_Handler)
    Error_Handler                            0x08000bbd   Thumb Code     4  main.o(i.Error_Handler)
    HAL_GPIO_Init                            0x08000bc1   Thumb Code   446  stm32f1xx_hal_gpio.o(i.HAL_GPIO_Init)
    HAL_GPIO_TogglePin                       0x08000da1   Thumb Code    16  stm32f1xx_hal_gpio.o(i.HAL_GPIO_TogglePin)
    HAL_GPIO_WritePin                        0x08000db1   Thumb Code    10  stm32f1xx_hal_gpio.o(i.HAL_GPIO_WritePin)
    HAL_GetTick                              0x08000dbd   Thumb Code     6  stm32f1xx_hal.o(i.HAL_GetTick)
    HAL_IncTick                              0x08000dc9   Thumb Code    12  stm32f1xx_hal.o(i.HAL_IncTick)
    HAL_Init                                 0x08000dd9   Thumb Code    32  stm32f1xx_hal.o(i.HAL_Init)
    HAL_InitTick                             0x08000dfd   Thumb Code    54  stm32f1xx_hal.o(i.HAL_InitTick)
    HAL_MspInit                              0x08000e3d   Thumb Code    52  stm32f1xx_hal_msp.o(i.HAL_MspInit)
    HAL_NVIC_EnableIRQ                       0x08000e79   Thumb Code    26  stm32f1xx_hal_cortex.o(i.HAL_NVIC_EnableIRQ)
    HAL_NVIC_SetPriority                     0x08000e95   Thumb Code    60  stm32f1xx_hal_cortex.o(i.HAL_NVIC_SetPriority)
    HAL_NVIC_SetPriorityGrouping             0x08000ed5   Thumb Code    26  stm32f1xx_hal_cortex.o(i.HAL_NVIC_SetPriorityGrouping)
    HAL_PCDEx_PMAConfig                      0x08000ef9   Thumb Code    60  stm32f1xx_hal_pcd_ex.o(i.HAL_PCDEx_PMAConfig)
    HAL_PCDEx_SetConnectionState             0x08000f35   Thumb Code     2  usbd_conf.o(i.HAL_PCDEx_SetConnectionState)
    HAL_PCD_DataInStageCallback              0x08000f37   Thumb Code    18  usbd_conf.o(i.HAL_PCD_DataInStageCallback)
    HAL_PCD_DataOutStageCallback             0x08000f49   Thumb Code    20  usbd_conf.o(i.HAL_PCD_DataOutStageCallback)
    HAL_PCD_EP_Close                         0x08000f5d   Thumb Code    76  stm32f1xx_hal_pcd.o(i.HAL_PCD_EP_Close)
    HAL_PCD_EP_ClrStall                      0x08000fa9   Thumb Code    92  stm32f1xx_hal_pcd.o(i.HAL_PCD_EP_ClrStall)
    HAL_PCD_EP_GetRxCount                    0x0800130b   Thumb Code    18  stm32f1xx_hal_pcd.o(i.HAL_PCD_EP_GetRxCount)
    HAL_PCD_EP_Open                          0x0800131d   Thumb Code    96  stm32f1xx_hal_pcd.o(i.HAL_PCD_EP_Open)
    HAL_PCD_EP_Receive                       0x0800137d   Thumb Code    50  stm32f1xx_hal_pcd.o(i.HAL_PCD_EP_Receive)
    HAL_PCD_EP_SetStall                      0x080013af   Thumb Code   114  stm32f1xx_hal_pcd.o(i.HAL_PCD_EP_SetStall)
    HAL_PCD_EP_Transmit                      0x08001421   Thumb Code    52  stm32f1xx_hal_pcd.o(i.HAL_PCD_EP_Transmit)
    HAL_PCD_IRQHandler                       0x08001455   Thumb Code   340  stm32f1xx_hal_pcd.o(i.HAL_PCD_IRQHandler)
    HAL_PCD_Init                             0x080015a9   Thumb Code   218  stm32f1xx_hal_pcd.o(i.HAL_PCD_Init)
    HAL_PCD_MspInit                          0x08001685   Thumb Code    50  usbd_conf.o(i.HAL_PCD_MspInit)
    HAL_PCD_ResetCallback                    0x080016c1   Thumb Code    38  usbd_conf.o(i.HAL_PCD_ResetCallback)
    HAL_PCD_ResumeCallback                   0x080016e7   Thumb Code     8  usbd_conf.o(i.HAL_PCD_ResumeCallback)
    HAL_PCD_SOFCallback                      0x080016ef   Thumb Code     8  usbd_conf.o(i.HAL_PCD_SOFCallback)
    HAL_PCD_SetAddress                       0x080016f7   Thumb Code    40  stm32f1xx_hal_pcd.o(i.HAL_PCD_SetAddress)
    HAL_PCD_SetupStageCallback               0x0800171f   Thumb Code    14  usbd_conf.o(i.HAL_PCD_SetupStageCallback)
    HAL_PCD_Start                            0x0800172d   Thumb Code    50  stm32f1xx_hal_pcd.o(i.HAL_PCD_Start)
    HAL_PCD_SuspendCallback                  0x08001761   Thumb Code    30  usbd_conf.o(i.HAL_PCD_SuspendCallback)
    HAL_RCCEx_PeriphCLKConfig                0x08001785   Thumb Code   224  stm32f1xx_hal_rcc_ex.o(i.HAL_RCCEx_PeriphCLKConfig)
    HAL_RCC_ClockConfig                      0x08001871   Thumb Code   280  stm32f1xx_hal_rcc.o(i.HAL_RCC_ClockConfig)
    HAL_RCC_GetSysClockFreq                  0x0800199d   Thumb Code    74  stm32f1xx_hal_rcc.o(i.HAL_RCC_GetSysClockFreq)
    HAL_RCC_OscConfig                        0x08001a09   Thumb Code   778  stm32f1xx_hal_rcc.o(i.HAL_RCC_OscConfig)
    HAL_SYSTICK_Config                       0x08001d29   Thumb Code    40  stm32f1xx_hal_cortex.o(i.HAL_SYSTICK_Config)
    HAL_TIMEx_BreakCallback                  0x08001d51   Thumb Code     2  stm32f1xx_hal_tim_ex.o(i.HAL_TIMEx_BreakCallback)
    HAL_TIMEx_CommutCallback                 0x08001d53   Thumb Code     2  stm32f1xx_hal_tim_ex.o(i.HAL_TIMEx_CommutCallback)
    HAL_TIMEx_MasterConfigSynchronization    0x08001d55   Thumb Code    92  stm32f1xx_hal_tim_ex.o(i.HAL_TIMEx_MasterConfigSynchronization)
    HAL_TIM_Base_Init                        0x08001dbd   Thumb Code    90  stm32f1xx_hal_tim.o(i.HAL_TIM_Base_Init)
    HAL_TIM_Base_MspInit                     0x08001e19   Thumb Code    72  tim.o(i.HAL_TIM_Base_MspInit)
    HAL_TIM_Base_Start_IT                    0x08001e69   Thumb Code    76  stm32f1xx_hal_tim.o(i.HAL_TIM_Base_Start_IT)
    HAL_TIM_ConfigClockSource                0x08001ec1   Thumb Code   214  stm32f1xx_hal_tim.o(i.HAL_TIM_ConfigClockSource)
    HAL_TIM_Encoder_Init                     0x08001f97   Thumb Code   164  stm32f1xx_hal_tim.o(i.HAL_TIM_Encoder_Init)
    HAL_TIM_Encoder_MspInit                  0x0800203d   Thumb Code    72  tim.o(i.HAL_TIM_Encoder_MspInit)
    HAL_TIM_Encoder_Start                    0x08002091   Thumb Code   142  stm32f1xx_hal_tim.o(i.HAL_TIM_Encoder_Start)
    HAL_TIM_IC_CaptureCallback               0x0800211f   Thumb Code     2  stm32f1xx_hal_tim.o(i.HAL_TIM_IC_CaptureCallback)
    HAL_TIM_IRQHandler                       0x08002121   Thumb Code   358  stm32f1xx_hal_tim.o(i.HAL_TIM_IRQHandler)
    HAL_TIM_MspPostInit                      0x08002289   Thumb Code    62  tim.o(i.HAL_TIM_MspPostInit)
    HAL_TIM_OC_DelayElapsedCallback          0x080022d5   Thumb Code     2  stm32f1xx_hal_tim.o(i.HAL_TIM_OC_DelayElapsedCallback)
    HAL_TIM_PWM_ConfigChannel                0x080022d7   Thumb Code   198  stm32f1xx_hal_tim.o(i.HAL_TIM_PWM_ConfigChannel)
    HAL_TIM_PWM_Init                         0x0800239d   Thumb Code    90  stm32f1xx_hal_tim.o(i.HAL_TIM_PWM_Init)
    HAL_TIM_PWM_MspInit                      0x080023f7   Thumb Code     2  stm32f1xx_hal_tim.o(i.HAL_TIM_PWM_MspInit)
    HAL_TIM_PWM_PulseFinishedCallback        0x080023f9   Thumb Code     2  stm32f1xx_hal_tim.o(i.HAL_TIM_PWM_PulseFinishedCallback)
    HAL_TIM_PWM_Start                        0x080023fd   Thumb Code   144  stm32f1xx_hal_tim.o(i.HAL_TIM_PWM_Start)
    HAL_TIM_PeriodElapsedCallback            0x08002499   Thumb Code   350  main.o(i.HAL_TIM_PeriodElapsedCallback)
    HAL_TIM_TriggerCallback                  0x08002639   Thumb Code     2  stm32f1xx_hal_tim.o(i.HAL_TIM_TriggerCallback)
    HardFault_Handler                        0x0800263b   Thumb Code     2  stm32f1xx_it.o(i.HardFault_Handler)
    MX_GPIO_Init                             0x08002675   Thumb Code   156  gpio.o(i.MX_GPIO_Init)
    MX_TIM2_Init                             0x0800271d   Thumb Code    96  tim.o(i.MX_TIM2_Init)
    MX_TIM3_Init                             0x08002781   Thumb Code   144  tim.o(i.MX_TIM3_Init)
    MX_TIM4_Init                             0x08002819   Thumb Code    98  tim.o(i.MX_TIM4_Init)
    MX_USB_DEVICE_Init                       0x08002885   Thumb Code    66  usb_device.o(i.MX_USB_DEVICE_Init)
    MemManage_Handler                        0x080028d9   Thumb Code     2  stm32f1xx_it.o(i.MemManage_Handler)
    MotorGetPulse                            0x080028dd   Thumb Code    18  motor.o(i.MotorGetPulse)
    MotorInit                                0x080028f5   Thumb Code    62  motor.o(i.MotorInit)
    MotorMovePos                             0x08002945   Thumb Code   430  motor.o(i.MotorMovePos)
    MotorPosTuning                           0x08002b19   Thumb Code   114  motor.o(i.MotorPosTuning)
    MotorSetDir                              0x08002ba1   Thumb Code    50  motor.o(i.MotorSetDir)
    MotorSetDuty                             0x08002bd9   Thumb Code     8  motor.o(i.MotorSetDuty)
    MotorSpeedTuning                         0x08002be5   Thumb Code   118  motor.o(i.MotorSpeedTuning)
    NMI_Handler                              0x08002c71   Thumb Code     2  stm32f1xx_it.o(i.NMI_Handler)
    PIDCompute                               0x08002f71   Thumb Code   112  pid.o(i.PIDCompute)
    PIDInit                                  0x08002fe5   Thumb Code    28  pid.o(i.PIDInit)
    PIDReset                                 0x08003005   Thumb Code    12  pid.o(i.PIDReset)
    PendSV_Handler                           0x08003015   Thumb Code     2  stm32f1xx_it.o(i.PendSV_Handler)
    SVC_Handler                              0x08003017   Thumb Code     2  stm32f1xx_it.o(i.SVC_Handler)
    SerialParse                              0x08003019   Thumb Code    82  serial.o(i.SerialParse)
    SerialWriteComm                          0x08003071   Thumb Code    74  serial.o(i.SerialWriteComm)
    StrCompare                               0x080030c1   Thumb Code    28  serial.o(i.StrCompare)
    SysTick_Handler                          0x080030dd   Thumb Code     4  stm32f1xx_it.o(i.SysTick_Handler)
    SystemClock_Config                       0x080030e1   Thumb Code   118  main.o(i.SystemClock_Config)
    SystemInit                               0x08003157   Thumb Code     2  system_stm32f1xx.o(i.SystemInit)
    TIM2_IRQHandler                          0x08003159   Thumb Code     6  stm32f1xx_it.o(i.TIM2_IRQHandler)
    TIM_Base_SetConfig                       0x08003165   Thumb Code    94  stm32f1xx_hal_tim.o(i.TIM_Base_SetConfig)
    TIM_CCxChannelCmd                        0x080031d1   Thumb Code    26  stm32f1xx_hal_tim.o(i.TIM_CCxChannelCmd)
    TIM_ETR_SetConfig                        0x080031eb   Thumb Code    20  stm32f1xx_hal_tim.o(i.TIM_ETR_SetConfig)
    TIM_OC2_SetConfig                        0x08003261   Thumb Code    84  stm32f1xx_hal_tim.o(i.TIM_OC2_SetConfig)
    USBD_CDC_GetDeviceQualifierDescriptor    0x08003479   Thumb Code     8  usbd_cdc.o(i.USBD_CDC_GetDeviceQualifierDescriptor)
    USBD_CDC_ReceivePacket                   0x0800353d   Thumb Code    40  usbd_cdc.o(i.USBD_CDC_ReceivePacket)
    USBD_CDC_RegisterInterface               0x08003565   Thumb Code    16  usbd_cdc.o(i.USBD_CDC_RegisterInterface)
    USBD_CDC_SetRxBuffer                     0x08003575   Thumb Code    12  usbd_cdc.o(i.USBD_CDC_SetRxBuffer)
    USBD_CDC_SetTxBuffer                     0x08003581   Thumb Code    16  usbd_cdc.o(i.USBD_CDC_SetTxBuffer)
    USBD_CDC_TransmitPacket                  0x0800363d   Thumb Code    54  usbd_cdc.o(i.USBD_CDC_TransmitPacket)
    USBD_ClrClassConfig                      0x08003673   Thumb Code    14  usbd_core.o(i.USBD_ClrClassConfig)
    USBD_CtlContinueRx                       0x08003681   Thumb Code    16  usbd_ioreq.o(i.USBD_CtlContinueRx)
    USBD_CtlContinueSendData                 0x08003691   Thumb Code    16  usbd_ioreq.o(i.USBD_CtlContinueSendData)
    USBD_CtlError                            0x080036a1   Thumb Code    22  usbd_ctlreq.o(i.USBD_CtlError)
    USBD_CtlPrepareRx                        0x080036b7   Thumb Code    30  usbd_ioreq.o(i.USBD_CtlPrepareRx)
    USBD_CtlReceiveStatus                    0x080036d5   Thumb Code    22  usbd_ioreq.o(i.USBD_CtlReceiveStatus)
    USBD_CtlSendData                         0x080036eb   Thumb Code    26  usbd_ioreq.o(i.USBD_CtlSendData)
    USBD_CtlSendStatus                       0x08003705   Thumb Code    22  usbd_ioreq.o(i.USBD_CtlSendStatus)
    USBD_FS_ConfigStrDescriptor              0x0800371d   Thumb Code    16  usbd_desc.o(i.USBD_FS_ConfigStrDescriptor)
    USBD_FS_DeviceDescriptor                 0x0800373d   Thumb Code     8  usbd_desc.o(i.USBD_FS_DeviceDescriptor)
    USBD_FS_InterfaceStrDescriptor           0x08003749   Thumb Code    16  usbd_desc.o(i.USBD_FS_InterfaceStrDescriptor)
    USBD_FS_LangIDStrDescriptor              0x0800376d   Thumb Code     8  usbd_desc.o(i.USBD_FS_LangIDStrDescriptor)
    USBD_FS_ManufacturerStrDescriptor        0x08003779   Thumb Code    16  usbd_desc.o(i.USBD_FS_ManufacturerStrDescriptor)
    USBD_FS_ProductStrDescriptor             0x080037a1   Thumb Code    16  usbd_desc.o(i.USBD_FS_ProductStrDescriptor)
    USBD_FS_SerialStrDescriptor              0x080037cd   Thumb Code    48  usbd_desc.o(i.USBD_FS_SerialStrDescriptor)
    USBD_GetString                           0x080038ed   Thumb Code    72  usbd_ctlreq.o(i.USBD_GetString)
    USBD_Init                                0x0800394d   Thumb Code    42  usbd_core.o(i.USBD_Init)
    USBD_LL_ClearStallEP                     0x08003977   Thumb Code    18  usbd_conf.o(i.USBD_LL_ClearStallEP)
    USBD_LL_CloseEP                          0x08003989   Thumb Code    18  usbd_conf.o(i.USBD_LL_CloseEP)
    USBD_LL_DataInStage                      0x0800399b   Thumb Code   198  usbd_core.o(i.USBD_LL_DataInStage)
    USBD_LL_DataOutStage                     0x08003a61   Thumb Code   130  usbd_core.o(i.USBD_LL_DataOutStage)
    USBD_LL_GetRxDataSize                    0x08003ae3   Thumb Code     8  usbd_conf.o(i.USBD_LL_GetRxDataSize)
    USBD_LL_Init                             0x08003aed   Thumb Code   118  usbd_conf.o(i.USBD_LL_Init)
    USBD_LL_IsStallEP                        0x08003b6d   Thumb Code    32  usbd_conf.o(i.USBD_LL_IsStallEP)
    USBD_LL_OpenEP                           0x08003b8d   Thumb Code    24  usbd_conf.o(i.USBD_LL_OpenEP)
    USBD_LL_PrepareReceive                   0x08003ba5   Thumb Code    18  usbd_conf.o(i.USBD_LL_PrepareReceive)
    USBD_LL_Reset                            0x08003bb7   Thumb Code    80  usbd_core.o(i.USBD_LL_Reset)
    USBD_LL_Resume                           0x08003c07   Thumb Code    20  usbd_core.o(i.USBD_LL_Resume)
    USBD_LL_SOF                              0x08003c1b   Thumb Code    24  usbd_core.o(i.USBD_LL_SOF)
    USBD_LL_SetSpeed                         0x08003c33   Thumb Code     6  usbd_core.o(i.USBD_LL_SetSpeed)
    USBD_LL_SetUSBAddress                    0x08003c39   Thumb Code    18  usbd_conf.o(i.USBD_LL_SetUSBAddress)
    USBD_LL_SetupStage                       0x08003c4b   Thumb Code    90  usbd_core.o(i.USBD_LL_SetupStage)
    USBD_LL_StallEP                          0x08003ca5   Thumb Code    18  usbd_conf.o(i.USBD_LL_StallEP)
    USBD_LL_Start                            0x08003cb7   Thumb Code    18  usbd_conf.o(i.USBD_LL_Start)
    USBD_LL_Suspend                          0x08003cc9   Thumb Code    18  usbd_core.o(i.USBD_LL_Suspend)
    USBD_LL_Transmit                         0x08003cdb   Thumb Code    18  usbd_conf.o(i.USBD_LL_Transmit)
    USBD_ParseSetupRequest                   0x08003ced   Thumb Code    40  usbd_ctlreq.o(i.USBD_ParseSetupRequest)
    USBD_RegisterClass                       0x08003d15   Thumb Code    16  usbd_core.o(i.USBD_RegisterClass)
    USBD_SetClassConfig                      0x08003d25   Thumb Code    22  usbd_core.o(i.USBD_SetClassConfig)
    USBD_Start                               0x08003dc1   Thumb Code    10  usbd_core.o(i.USBD_Start)
    USBD_StdDevReq                           0x08003dcb   Thumb Code   274  usbd_ctlreq.o(i.USBD_StdDevReq)
    USBD_StdEPReq                            0x08003edd   Thumb Code   336  usbd_ctlreq.o(i.USBD_StdEPReq)
    USBD_StdItfReq                           0x0800402d   Thumb Code    78  usbd_ctlreq.o(i.USBD_StdItfReq)
    USBD_static_free                         0x0800407b   Thumb Code     2  usbd_conf.o(i.USBD_static_free)
    USBD_static_malloc                       0x0800407d   Thumb Code     4  usbd_conf.o(i.USBD_static_malloc)
    USB_ActivateEndpoint                     0x08004085   Thumb Code   600  stm32f1xx_ll_usb.o(i.USB_ActivateEndpoint)
    USB_CoreInit                             0x080042dd   Thumb Code     4  stm32f1xx_ll_usb.o(i.USB_CoreInit)
    USB_DeactivateEndpoint                   0x080042e1   Thumb Code   270  stm32f1xx_ll_usb.o(i.USB_DeactivateEndpoint)
    USB_DevConnect                           0x080043ef   Thumb Code     4  stm32f1xx_ll_usb.o(i.USB_DevConnect)
    USB_DevDisconnect                        0x080043f3   Thumb Code     4  stm32f1xx_ll_usb.o(i.USB_DevDisconnect)
    USB_DevInit                              0x080043f7   Thumb Code    18  stm32f1xx_ll_usb.o(i.USB_DevInit)
    USB_DisableGlobalInt                     0x08004409   Thumb Code    14  stm32f1xx_ll_usb.o(i.USB_DisableGlobalInt)
    USB_EP0_OutStart                         0x08004417   Thumb Code     4  stm32f1xx_ll_usb.o(i.USB_EP0_OutStart)
    USB_EPClearStall                         0x0800441b   Thumb Code   120  stm32f1xx_ll_usb.o(i.USB_EPClearStall)
    USB_EPSetStall                           0x08004493   Thumb Code    50  stm32f1xx_ll_usb.o(i.USB_EPSetStall)
    USB_EPStartXfer                          0x080044c5   Thumb Code  1230  stm32f1xx_ll_usb.o(i.USB_EPStartXfer)
    USB_EnableGlobalInt                      0x08004993   Thumb Code    18  stm32f1xx_ll_usb.o(i.USB_EnableGlobalInt)
    USB_LP_CAN1_RX0_IRQHandler               0x080049a5   Thumb Code     6  stm32f1xx_it.o(i.USB_LP_CAN1_RX0_IRQHandler)
    USB_ReadInterrupts                       0x080049b1   Thumb Code     6  stm32f1xx_ll_usb.o(i.USB_ReadInterrupts)
    USB_ReadPMA                              0x080049b9   Thumb Code    44  stm32f1xx_ll_usb.o(i.USB_ReadPMA)
    USB_SetCurrentMode                       0x080049e5   Thumb Code     4  stm32f1xx_ll_usb.o(i.USB_SetCurrentMode)
    USB_SetDevAddress                        0x080049e9   Thumb Code    12  stm32f1xx_ll_usb.o(i.USB_SetDevAddress)
    USB_WritePMA                             0x080049f5   Thumb Code    38  stm32f1xx_ll_usb.o(i.USB_WritePMA)
    UsageFault_Handler                       0x08004a1b   Thumb Code     2  stm32f1xx_it.o(i.UsageFault_Handler)
    __ARM_fpclassify                         0x08004a1d   Thumb Code    40  fpclassify.o(i.__ARM_fpclassify)
    __kernel_poly                            0x08004a65   Thumb Code   170  poly.o(i.__kernel_poly)
    __mathlib_dbl_divzero                    0x08004b11   Thumb Code    12  dunder.o(i.__mathlib_dbl_divzero)
    __mathlib_dbl_infnan2                    0x08004b21   Thumb Code     4  dunder.o(i.__mathlib_dbl_infnan2)
    __mathlib_dbl_invalid                    0x08004b25   Thumb Code    12  dunder.o(i.__mathlib_dbl_invalid)
    __mathlib_dbl_overflow                   0x08004b31   Thumb Code    14  dunder.o(i.__mathlib_dbl_overflow)
    __mathlib_dbl_underflow                  0x08004b41   Thumb Code    10  dunder.o(i.__mathlib_dbl_underflow)
    __scatterload_copy                       0x08004b51   Thumb Code    14  handlers.o(i.__scatterload_copy)
    __scatterload_null                       0x08004b5f   Thumb Code     2  handlers.o(i.__scatterload_null)
    __scatterload_zeroinit                   0x08004b61   Thumb Code    14  handlers.o(i.__scatterload_zeroinit)
    __set_errno                              0x08004b71   Thumb Code     6  errno.o(i.__set_errno)
    free                                     0x08004b7d   Thumb Code    76  malloc.o(i.free)
    main                                     0x08004bcd   Thumb Code  1180  main.o(i.main)
    malloc                                   0x08005069   Thumb Code    92  malloc.o(i.malloc)
    pow                                      0x080050d5   Thumb Code  2512  pow.o(i.pow)
    sqrt                                     0x08005aad   Thumb Code    76  sqrt.o(i.sqrt)
    subString                                0x08005af9   Thumb Code    34  serial.o(i.subString)
    AHBPrescTable                            0x08005b1a   Data          16  system_stm32f1xx.o(.constdata)
    __mathlib_zero                           0x08005bb8   Data           8  qnan.o(.constdata)
    Region$$Table$$Base                      0x08005bc0   Number         0  anon$$obj.o(Region$$Table)
    Region$$Table$$Limit                     0x08005be0   Number         0  anon$$obj.o(Region$$Table)
    g_nIndex                                 0x20000000   Data           2  motor.o(.data)
    direct_st                                0x20000004   Data           1  motor.o(.data)
    tProcess                                 0x20000005   Data           1  motor.o(.data)
    g_nDutyCycle                             0x20000008   Data           4  motor.o(.data)
    g_nActPulse                              0x2000000c   Data           4  motor.o(.data)
    g_nCmdPulse                              0x20000010   Data           4  motor.o(.data)
    g_dCmdVel                                0x20000014   Data           4  motor.o(.data)
    fDuty                                    0x20000018   Data           4  motor.o(.data)
    g_dPIDError                              0x2000001c   Data           4  pid.o(.data)
    g_bDataAvailable                         0x20000020   Data           1  serial.o(.data)
    STX                                      0x20000021   Data           1  serial.o(.data)
    ETX                                      0x20000022   Data           1  serial.o(.data)
    ACK                                      0x20000023   Data           1  serial.o(.data)
    g_nOption                                0x20000024   Data           3  serial.o(.data)
    g_strCommand                             0x20000027   Data           4  serial.o(.data)
    g_nData                                  0x2000002b   Data           8  serial.o(.data)
    g_direct                                 0x20000034   Data           1  main.o(.data)
    g_nCntPulse                              0x20000036   Data           2  main.o(.data)
    g_nPosPulse                              0x20000038   Data           2  main.o(.data)
    g_nSetPoint                              0x2000003a   Data           2  main.o(.data)
    g_nTxOption                              0x2000003c   Data           3  main.o(.data)
    g_strTxCommand                           0x2000003f   Data           4  main.o(.data)
    g_nSetPulse                              0x20000044   Data           4  main.o(.data)
    g_nTxData                                0x20000048   Data           8  main.o(.data)
    FS_Desc                                  0x20000050   Data          28  usbd_desc.o(.data)
    USBD_LangIDDesc                          0x2000006c   Data           4  usbd_desc.o(.data)
    USBD_FS_DeviceDesc                       0x20000070   Data          18  usbd_desc.o(.data)
    USBD_StringSerial                        0x20000084   Data          26  usbd_desc.o(.data)
    USBD_Interface_fops_FS                   0x200000a0   Data          16  usbd_cdc_if.o(.data)
    uwTickFreq                               0x200000b0   Data           1  stm32f1xx_hal.o(.data)
    uwTickPrio                               0x200000b4   Data           4  stm32f1xx_hal.o(.data)
    uwTick                                   0x200000b8   Data           4  stm32f1xx_hal.o(.data)
    SystemCoreClock                          0x200000bc   Data           4  system_stm32f1xx.o(.data)
    USBD_CDC_CfgHSDesc                       0x200000d0   Data          67  usbd_cdc.o(.data)
    USBD_CDC_CfgFSDesc                       0x20000114   Data          67  usbd_cdc.o(.data)
    USBD_CDC_OtherSpeedCfgDesc               0x20000158   Data          67  usbd_cdc.o(.data)
    USBD_CDC                                 0x2000019c   Data          56  usbd_cdc.o(.data)
    __microlib_freelist                      0x200001d4   Data           4  mvars.o(.data)
    __microlib_freelist_initialised          0x200001d8   Data           4  mvars.o(.data)
    tPIDControl                              0x200001e0   Data          20  motor.o(.bss)
    tProfile                                 0x200001f4   Data          52  motor.o(.bss)
    htim2                                    0x20000228   Data          72  tim.o(.bss)
    htim3                                    0x20000270   Data          72  tim.o(.bss)
    htim4                                    0x200002b8   Data          72  tim.o(.bss)
    hUsbDeviceFS                             0x20000300   Data         708  usb_device.o(.bss)
    USBD_StrDesc                             0x200005c4   Data         512  usbd_desc.o(.bss)
    UserRxBufferFS                           0x200007c4   Data          64  usbd_cdc_if.o(.bss)
    UserTxBufferFS                           0x20000804   Data          64  usbd_cdc_if.o(.bss)
    hpcd_USB_FS                              0x20000a64   Data         748  usbd_conf.o(.bss)
    __heap_base                              0x20000d50   Data           0  startup_stm32f103xb.o(HEAP)
    __heap_limit                             0x20001550   Data           0  startup_stm32f103xb.o(HEAP)
    __initial_sp                             0x20001950   Data           0  startup_stm32f103xb.o(STACK)



==============================================================================

Memory Map of the image

  Image Entry point : 0x080000ed

  Load Region LR_IROM1 (Base: 0x08000000, Size: 0x00005dc0, Max: 0x00010000, ABSOLUTE, COMPRESSED[0x00005ca8])

    Execution Region ER_IROM1 (Exec base: 0x08000000, Load base: 0x08000000, Size: 0x00005be0, Max: 0x00010000, ABSOLUTE)

    Exec Addr    Load Addr    Size         Type   Attr      Idx    E Section Name        Object

    0x08000000   0x08000000   0x000000ec   Data   RO            3    RESET               startup_stm32f103xb.o
    0x080000ec   0x080000ec   0x00000000   Code   RO         3826  * .ARM.Collect$$$$00000000  mc_w.l(entry.o)
    0x080000ec   0x080000ec   0x00000004   Code   RO         3924    .ARM.Collect$$$$00000001  mc_w.l(entry2.o)
    0x080000f0   0x080000f0   0x00000004   Code   RO         3927    .ARM.Collect$$$$00000004  mc_w.l(entry5.o)
    0x080000f4   0x080000f4   0x00000000   Code   RO         3929    .ARM.Collect$$$$00000008  mc_w.l(entry7b.o)
    0x080000f4   0x080000f4   0x00000000   Code   RO         3931    .ARM.Collect$$$$0000000A  mc_w.l(entry8b.o)
    0x080000f4   0x080000f4   0x00000008   Code   RO         3932    .ARM.Collect$$$$0000000B  mc_w.l(entry9a.o)
    0x080000fc   0x080000fc   0x00000000   Code   RO         3934    .ARM.Collect$$$$0000000D  mc_w.l(entry10a.o)
    0x080000fc   0x080000fc   0x00000000   Code   RO         3936    .ARM.Collect$$$$0000000F  mc_w.l(entry11a.o)
    0x080000fc   0x080000fc   0x00000004   Code   RO         3925    .ARM.Collect$$$$00002712  mc_w.l(entry2.o)
    0x08000100   0x08000100   0x00000024   Code   RO            4    .text               startup_stm32f103xb.o
    0x08000124   0x08000124   0x00000020   Code   RO         3829    .text               mc_w.l(llushr.o)
    0x08000144   0x08000144   0x00000024   Code   RO         3831    .text               mc_w.l(memcpya.o)
    0x08000168   0x08000168   0x00000024   Code   RO         3833    .text               mc_w.l(memseta.o)
    0x0800018c   0x0800018c   0x0000000e   Code   RO         3835    .text               mc_w.l(strlen.o)
    0x0800019a   0x0800019a   0x000000b0   Code   RO         3867    .text               mf_w.l(fadd.o)
    0x0800024a   0x0800024a   0x00000064   Code   RO         3869    .text               mf_w.l(fmul.o)
    0x080002ae   0x080002ae   0x0000007c   Code   RO         3871    .text               mf_w.l(fdiv.o)
    0x0800032a   0x0800032a   0x00000018   Code   RO         3873    .text               mf_w.l(fscalb.o)
    0x08000342   0x08000342   0x0000014e   Code   RO         3875    .text               mf_w.l(dadd.o)
    0x08000490   0x08000490   0x000000de   Code   RO         3877    .text               mf_w.l(ddiv.o)
    0x0800056e   0x0800056e   0x00000012   Code   RO         3879    .text               mf_w.l(fflti.o)
    0x08000580   0x08000580   0x0000000a   Code   RO         3881    .text               mf_w.l(ffltui.o)
    0x0800058a   0x0800058a   0x0000001a   Code   RO         3883    .text               mf_w.l(dfltui.o)
    0x080005a4   0x080005a4   0x00000032   Code   RO         3885    .text               mf_w.l(ffixi.o)
    0x080005d6   0x080005d6   0x00000028   Code   RO         3887    .text               mf_w.l(ffixui.o)
    0x080005fe   0x080005fe   0x00000026   Code   RO         3889    .text               mf_w.l(f2d.o)
    0x08000624   0x08000624   0x00000038   Code   RO         3891    .text               mf_w.l(d2f.o)
    0x0800065c   0x0800065c   0x00000014   Code   RO         3893    .text               mf_w.l(cfcmple.o)
    0x08000670   0x08000670   0x00000014   Code   RO         3895    .text               mf_w.l(cfrcmple.o)
    0x08000684   0x08000684   0x0000001e   Code   RO         3938    .text               mc_w.l(llshl.o)
    0x080006a2   0x080006a2   0x00000024   Code   RO         3940    .text               mc_w.l(llsshr.o)
    0x080006c6   0x080006c6   0x00000000   Code   RO         3951    .text               mc_w.l(iusefp.o)
    0x080006c6   0x080006c6   0x0000006e   Code   RO         3952    .text               mf_w.l(fepilogue.o)
    0x08000734   0x08000734   0x000000ba   Code   RO         3954    .text               mf_w.l(depilogue.o)
    0x080007ee   0x080007ee   0x000000e4   Code   RO         3956    .text               mf_w.l(dmul.o)
    0x080008d2   0x080008d2   0x0000002e   Code   RO         3958    .text               mf_w.l(dscalb.o)
    0x08000900   0x08000900   0x00000022   Code   RO         3960    .text               mf_w.l(dflti.o)
    0x08000922   0x08000922   0x00000002   PAD
    0x08000924   0x08000924   0x00000030   Code   RO         3962    .text               mf_w.l(cdrcmple.o)
    0x08000954   0x08000954   0x00000024   Code   RO         3964    .text               mc_w.l(init.o)
    0x08000978   0x08000978   0x000000a2   Code   RO         3966    .text               mf_w.l(dsqrt.o)
    0x08000a1a   0x08000a1a   0x00000056   Code   RO         3978    .text               mc_w.l(__dczerorl2.o)
    0x08000a70   0x08000a70   0x00000002   Code   RO          482    i.BusFault_Handler  stm32f1xx_it.o
    0x08000a72   0x08000a72   0x00000004   Code   RO          711    i.CDC_Control_FS    usbd_cdc_if.o
    0x08000a76   0x08000a76   0x00000004   Code   RO          712    i.CDC_DeInit_FS     usbd_cdc_if.o
    0x08000a7a   0x08000a7a   0x00000002   PAD
    0x08000a7c   0x08000a7c   0x00000024   Code   RO          713    i.CDC_Init_FS       usbd_cdc_if.o
    0x08000aa0   0x08000aa0   0x0000002c   Code   RO          714    i.CDC_Receive_FS    usbd_cdc_if.o
    0x08000acc   0x08000acc   0x0000002c   Code   RO          715    i.CDC_Transmit_FS   usbd_cdc_if.o
    0x08000af8   0x08000af8   0x00000080   Code   RO           13    i.ControlSpeed      motor.o
    0x08000b78   0x08000b78   0x00000030   Code   RO           14    i.ConvertDegToPulse  motor.o
    0x08000ba8   0x08000ba8   0x00000012   Code   RO           15    i.ConvertSpeedToPulse  motor.o
    0x08000bba   0x08000bba   0x00000002   Code   RO          483    i.DebugMon_Handler  stm32f1xx_it.o
    0x08000bbc   0x08000bbc   0x00000004   Code   RO          337    i.Error_Handler     main.o
    0x08000bc0   0x08000bc0   0x000001e0   Code   RO         1779    i.HAL_GPIO_Init     stm32f1xx_hal_gpio.o
    0x08000da0   0x08000da0   0x00000010   Code   RO         1782    i.HAL_GPIO_TogglePin  stm32f1xx_hal_gpio.o
    0x08000db0   0x08000db0   0x0000000a   Code   RO         1783    i.HAL_GPIO_WritePin  stm32f1xx_hal_gpio.o
    0x08000dba   0x08000dba   0x00000002   PAD
    0x08000dbc   0x08000dbc   0x0000000c   Code   RO         1475    i.HAL_GetTick       stm32f1xx_hal.o
    0x08000dc8   0x08000dc8   0x00000010   Code   RO         1481    i.HAL_IncTick       stm32f1xx_hal.o
    0x08000dd8   0x08000dd8   0x00000024   Code   RO         1482    i.HAL_Init          stm32f1xx_hal.o
    0x08000dfc   0x08000dfc   0x00000040   Code   RO         1483    i.HAL_InitTick      stm32f1xx_hal.o
    0x08000e3c   0x08000e3c   0x0000003c   Code   RO          570    i.HAL_MspInit       stm32f1xx_hal_msp.o
    0x08000e78   0x08000e78   0x0000001a   Code   RO         1939    i.HAL_NVIC_EnableIRQ  stm32f1xx_hal_cortex.o
    0x08000e92   0x08000e92   0x00000002   PAD
    0x08000e94   0x08000e94   0x00000040   Code   RO         1945    i.HAL_NVIC_SetPriority  stm32f1xx_hal_cortex.o
    0x08000ed4   0x08000ed4   0x00000024   Code   RO         1946    i.HAL_NVIC_SetPriorityGrouping  stm32f1xx_hal_cortex.o
    0x08000ef8   0x08000ef8   0x0000003c   Code   RO         1244    i.HAL_PCDEx_PMAConfig  stm32f1xx_hal_pcd_ex.o
    0x08000f34   0x08000f34   0x00000002   Code   RO          763    i.HAL_PCDEx_SetConnectionState  usbd_conf.o
    0x08000f36   0x08000f36   0x00000012   Code   RO          765    i.HAL_PCD_DataInStageCallback  usbd_conf.o
    0x08000f48   0x08000f48   0x00000014   Code   RO          766    i.HAL_PCD_DataOutStageCallback  usbd_conf.o
    0x08000f5c   0x08000f5c   0x0000004c   Code   RO         1020    i.HAL_PCD_EP_Close  stm32f1xx_hal_pcd.o
    0x08000fa8   0x08000fa8   0x0000005c   Code   RO         1021    i.HAL_PCD_EP_ClrStall  stm32f1xx_hal_pcd.o
    0x08001004   0x08001004   0x000000e6   Code   RO         1022    i.HAL_PCD_EP_DB_Receive  stm32f1xx_hal_pcd.o
    0x080010ea   0x080010ea   0x00000220   Code   RO         1023    i.HAL_PCD_EP_DB_Transmit  stm32f1xx_hal_pcd.o
    0x0800130a   0x0800130a   0x00000012   Code   RO         1025    i.HAL_PCD_EP_GetRxCount  stm32f1xx_hal_pcd.o
    0x0800131c   0x0800131c   0x00000060   Code   RO         1026    i.HAL_PCD_EP_Open   stm32f1xx_hal_pcd.o
    0x0800137c   0x0800137c   0x00000032   Code   RO         1027    i.HAL_PCD_EP_Receive  stm32f1xx_hal_pcd.o
    0x080013ae   0x080013ae   0x00000072   Code   RO         1028    i.HAL_PCD_EP_SetStall  stm32f1xx_hal_pcd.o
    0x08001420   0x08001420   0x00000034   Code   RO         1029    i.HAL_PCD_EP_Transmit  stm32f1xx_hal_pcd.o
    0x08001454   0x08001454   0x00000154   Code   RO         1031    i.HAL_PCD_IRQHandler  stm32f1xx_hal_pcd.o
    0x080015a8   0x080015a8   0x000000da   Code   RO         1034    i.HAL_PCD_Init      stm32f1xx_hal_pcd.o
    0x08001682   0x08001682   0x00000002   PAD
    0x08001684   0x08001684   0x0000003c   Code   RO          771    i.HAL_PCD_MspInit   usbd_conf.o
    0x080016c0   0x080016c0   0x00000026   Code   RO          772    i.HAL_PCD_ResetCallback  usbd_conf.o
    0x080016e6   0x080016e6   0x00000008   Code   RO          773    i.HAL_PCD_ResumeCallback  usbd_conf.o
    0x080016ee   0x080016ee   0x00000008   Code   RO          774    i.HAL_PCD_SOFCallback  usbd_conf.o
    0x080016f6   0x080016f6   0x00000028   Code   RO         1040    i.HAL_PCD_SetAddress  stm32f1xx_hal_pcd.o
    0x0800171e   0x0800171e   0x0000000e   Code   RO          775    i.HAL_PCD_SetupStageCallback  usbd_conf.o
    0x0800172c   0x0800172c   0x00000032   Code   RO         1042    i.HAL_PCD_Start     stm32f1xx_hal_pcd.o
    0x0800175e   0x0800175e   0x00000002   PAD
    0x08001760   0x08001760   0x00000024   Code   RO          776    i.HAL_PCD_SuspendCallback  usbd_conf.o
    0x08001784   0x08001784   0x000000ec   Code   RO         1742    i.HAL_RCCEx_PeriphCLKConfig  stm32f1xx_hal_rcc_ex.o
    0x08001870   0x08001870   0x0000012c   Code   RO         1639    i.HAL_RCC_ClockConfig  stm32f1xx_hal_rcc.o
    0x0800199c   0x0800199c   0x0000006c   Code   RO         1648    i.HAL_RCC_GetSysClockFreq  stm32f1xx_hal_rcc.o
    0x08001a08   0x08001a08   0x00000320   Code   RO         1651    i.HAL_RCC_OscConfig  stm32f1xx_hal_rcc.o
    0x08001d28   0x08001d28   0x00000028   Code   RO         1950    i.HAL_SYSTICK_Config  stm32f1xx_hal_cortex.o
    0x08001d50   0x08001d50   0x00000002   Code   RO         3145    i.HAL_TIMEx_BreakCallback  stm32f1xx_hal_tim_ex.o
    0x08001d52   0x08001d52   0x00000002   Code   RO         3146    i.HAL_TIMEx_CommutCallback  stm32f1xx_hal_tim_ex.o
    0x08001d54   0x08001d54   0x00000068   Code   RO         3164    i.HAL_TIMEx_MasterConfigSynchronization  stm32f1xx_hal_tim_ex.o
    0x08001dbc   0x08001dbc   0x0000005a   Code   RO         2441    i.HAL_TIM_Base_Init  stm32f1xx_hal_tim.o
    0x08001e16   0x08001e16   0x00000002   PAD
    0x08001e18   0x08001e18   0x00000050   Code   RO          411    i.HAL_TIM_Base_MspInit  tim.o
    0x08001e68   0x08001e68   0x00000058   Code   RO         2446    i.HAL_TIM_Base_Start_IT  stm32f1xx_hal_tim.o
    0x08001ec0   0x08001ec0   0x000000d6   Code   RO         2450    i.HAL_TIM_ConfigClockSource  stm32f1xx_hal_tim.o
    0x08001f96   0x08001f96   0x000000a4   Code   RO         2462    i.HAL_TIM_Encoder_Init  stm32f1xx_hal_tim.o
    0x0800203a   0x0800203a   0x00000002   PAD
    0x0800203c   0x0800203c   0x00000054   Code   RO          413    i.HAL_TIM_Encoder_MspInit  tim.o
    0x08002090   0x08002090   0x0000008e   Code   RO         2465    i.HAL_TIM_Encoder_Start  stm32f1xx_hal_tim.o
    0x0800211e   0x0800211e   0x00000002   Code   RO         2475    i.HAL_TIM_IC_CaptureCallback  stm32f1xx_hal_tim.o
    0x08002120   0x08002120   0x00000166   Code   RO         2489    i.HAL_TIM_IRQHandler  stm32f1xx_hal_tim.o
    0x08002286   0x08002286   0x00000002   PAD
    0x08002288   0x08002288   0x0000004c   Code   RO          414    i.HAL_TIM_MspPostInit  tim.o
    0x080022d4   0x080022d4   0x00000002   Code   RO         2492    i.HAL_TIM_OC_DelayElapsedCallback  stm32f1xx_hal_tim.o
    0x080022d6   0x080022d6   0x000000c6   Code   RO         2513    i.HAL_TIM_PWM_ConfigChannel  stm32f1xx_hal_tim.o
    0x0800239c   0x0800239c   0x0000005a   Code   RO         2516    i.HAL_TIM_PWM_Init  stm32f1xx_hal_tim.o
    0x080023f6   0x080023f6   0x00000002   Code   RO         2518    i.HAL_TIM_PWM_MspInit  stm32f1xx_hal_tim.o
    0x080023f8   0x080023f8   0x00000002   Code   RO         2519    i.HAL_TIM_PWM_PulseFinishedCallback  stm32f1xx_hal_tim.o
    0x080023fa   0x080023fa   0x00000002   PAD
    0x080023fc   0x080023fc   0x0000009c   Code   RO         2521    i.HAL_TIM_PWM_Start  stm32f1xx_hal_tim.o
    0x08002498   0x08002498   0x000001a0   Code   RO          338    i.HAL_TIM_PeriodElapsedCallback  main.o
    0x08002638   0x08002638   0x00000002   Code   RO         2532    i.HAL_TIM_TriggerCallback  stm32f1xx_hal_tim.o
    0x0800263a   0x0800263a   0x00000002   Code   RO          484    i.HardFault_Handler  stm32f1xx_it.o
    0x0800263c   0x0800263c   0x00000038   Code   RO          625    i.IntToUnicode      usbd_desc.o
    0x08002674   0x08002674   0x000000a8   Code   RO          386    i.MX_GPIO_Init      gpio.o
    0x0800271c   0x0800271c   0x00000064   Code   RO          415    i.MX_TIM2_Init      tim.o
    0x08002780   0x08002780   0x00000098   Code   RO          416    i.MX_TIM3_Init      tim.o
    0x08002818   0x08002818   0x0000006c   Code   RO          417    i.MX_TIM4_Init      tim.o
    0x08002884   0x08002884   0x00000054   Code   RO          594    i.MX_USB_DEVICE_Init  usb_device.o
    0x080028d8   0x080028d8   0x00000002   Code   RO          485    i.MemManage_Handler  stm32f1xx_it.o
    0x080028da   0x080028da   0x00000002   PAD
    0x080028dc   0x080028dc   0x00000018   Code   RO           16    i.MotorGetPulse     motor.o
    0x080028f4   0x080028f4   0x00000050   Code   RO           17    i.MotorInit         motor.o
    0x08002944   0x08002944   0x000001d4   Code   RO           18    i.MotorMovePos      motor.o
    0x08002b18   0x08002b18   0x00000088   Code   RO           19    i.MotorPosTuning    motor.o
    0x08002ba0   0x08002ba0   0x00000038   Code   RO           20    i.MotorSetDir       motor.o
    0x08002bd8   0x08002bd8   0x0000000c   Code   RO           21    i.MotorSetDuty      motor.o
    0x08002be4   0x08002be4   0x0000008c   Code   RO           22    i.MotorSpeedTuning  motor.o
    0x08002c70   0x08002c70   0x00000002   Code   RO          486    i.NMI_Handler       stm32f1xx_it.o
    0x08002c72   0x08002c72   0x000002fc   Code   RO         1046    i.PCD_EP_ISR_Handler  stm32f1xx_hal_pcd.o
    0x08002f6e   0x08002f6e   0x00000002   PAD
    0x08002f70   0x08002f70   0x00000074   Code   RO          218    i.PIDCompute        pid.o
    0x08002fe4   0x08002fe4   0x00000020   Code   RO          219    i.PIDInit           pid.o
    0x08003004   0x08003004   0x00000010   Code   RO          220    i.PIDReset          pid.o
    0x08003014   0x08003014   0x00000002   Code   RO          487    i.PendSV_Handler    stm32f1xx_it.o
    0x08003016   0x08003016   0x00000002   Code   RO          488    i.SVC_Handler       stm32f1xx_it.o
    0x08003018   0x08003018   0x00000058   Code   RO          263    i.SerialParse       serial.o
    0x08003070   0x08003070   0x00000050   Code   RO          264    i.SerialWriteComm   serial.o
    0x080030c0   0x080030c0   0x0000001c   Code   RO          265    i.StrCompare        serial.o
    0x080030dc   0x080030dc   0x00000004   Code   RO          489    i.SysTick_Handler   stm32f1xx_it.o
    0x080030e0   0x080030e0   0x00000076   Code   RO          339    i.SystemClock_Config  main.o
    0x08003156   0x08003156   0x00000002   Code   RO         3413    i.SystemInit        system_stm32f1xx.o
    0x08003158   0x08003158   0x0000000c   Code   RO          490    i.TIM2_IRQHandler   stm32f1xx_it.o
    0x08003164   0x08003164   0x0000006c   Code   RO         2534    i.TIM_Base_SetConfig  stm32f1xx_hal_tim.o
    0x080031d0   0x080031d0   0x0000001a   Code   RO         2535    i.TIM_CCxChannelCmd  stm32f1xx_hal_tim.o
    0x080031ea   0x080031ea   0x00000014   Code   RO         2545    i.TIM_ETR_SetConfig  stm32f1xx_hal_tim.o
    0x080031fe   0x080031fe   0x00000010   Code   RO         2546    i.TIM_ITRx_SetConfig  stm32f1xx_hal_tim.o
    0x0800320e   0x0800320e   0x00000002   PAD
    0x08003210   0x08003210   0x00000050   Code   RO         2547    i.TIM_OC1_SetConfig  stm32f1xx_hal_tim.o
    0x08003260   0x08003260   0x00000058   Code   RO         2548    i.TIM_OC2_SetConfig  stm32f1xx_hal_tim.o
    0x080032b8   0x080032b8   0x00000058   Code   RO         2549    i.TIM_OC3_SetConfig  stm32f1xx_hal_tim.o
    0x08003310   0x08003310   0x00000044   Code   RO         2550    i.TIM_OC4_SetConfig  stm32f1xx_hal_tim.o
    0x08003354   0x08003354   0x00000022   Code   RO         2552    i.TIM_TI1_ConfigInputStage  stm32f1xx_hal_tim.o
    0x08003376   0x08003376   0x00000024   Code   RO         2554    i.TIM_TI2_ConfigInputStage  stm32f1xx_hal_tim.o
    0x0800339a   0x0800339a   0x00000046   Code   RO         3713    i.USBD_CDC_DataIn   usbd_cdc.o
    0x080033e0   0x080033e0   0x0000002e   Code   RO         3714    i.USBD_CDC_DataOut  usbd_cdc.o
    0x0800340e   0x0800340e   0x00000044   Code   RO         3715    i.USBD_CDC_DeInit   usbd_cdc.o
    0x08003452   0x08003452   0x00000024   Code   RO         3716    i.USBD_CDC_EP0_RxReady  usbd_cdc.o
    0x08003476   0x08003476   0x00000002   PAD
    0x08003478   0x08003478   0x0000000c   Code   RO         3717    i.USBD_CDC_GetDeviceQualifierDescriptor  usbd_cdc.o
    0x08003484   0x08003484   0x0000000c   Code   RO         3718    i.USBD_CDC_GetFSCfgDesc  usbd_cdc.o
    0x08003490   0x08003490   0x0000000c   Code   RO         3719    i.USBD_CDC_GetHSCfgDesc  usbd_cdc.o
    0x0800349c   0x0800349c   0x0000000c   Code   RO         3720    i.USBD_CDC_GetOtherSpeedCfgDesc  usbd_cdc.o
    0x080034a8   0x080034a8   0x00000094   Code   RO         3721    i.USBD_CDC_Init     usbd_cdc.o
    0x0800353c   0x0800353c   0x00000028   Code   RO         3722    i.USBD_CDC_ReceivePacket  usbd_cdc.o
    0x08003564   0x08003564   0x00000010   Code   RO         3723    i.USBD_CDC_RegisterInterface  usbd_cdc.o
    0x08003574   0x08003574   0x0000000c   Code   RO         3724    i.USBD_CDC_SetRxBuffer  usbd_cdc.o
    0x08003580   0x08003580   0x00000010   Code   RO         3725    i.USBD_CDC_SetTxBuffer  usbd_cdc.o
    0x08003590   0x08003590   0x000000ac   Code   RO         3726    i.USBD_CDC_Setup    usbd_cdc.o
    0x0800363c   0x0800363c   0x00000036   Code   RO         3727    i.USBD_CDC_TransmitPacket  usbd_cdc.o
    0x08003672   0x08003672   0x0000000e   Code   RO         3450    i.USBD_ClrClassConfig  usbd_core.o
    0x08003680   0x08003680   0x00000010   Code   RO         3653    i.USBD_CtlContinueRx  usbd_ioreq.o
    0x08003690   0x08003690   0x00000010   Code   RO         3654    i.USBD_CtlContinueSendData  usbd_ioreq.o
    0x080036a0   0x080036a0   0x00000016   Code   RO         3588    i.USBD_CtlError     usbd_ctlreq.o
    0x080036b6   0x080036b6   0x0000001e   Code   RO         3655    i.USBD_CtlPrepareRx  usbd_ioreq.o
    0x080036d4   0x080036d4   0x00000016   Code   RO         3656    i.USBD_CtlReceiveStatus  usbd_ioreq.o
    0x080036ea   0x080036ea   0x0000001a   Code   RO         3657    i.USBD_CtlSendData  usbd_ioreq.o
    0x08003704   0x08003704   0x00000016   Code   RO         3658    i.USBD_CtlSendStatus  usbd_ioreq.o
    0x0800371a   0x0800371a   0x00000002   PAD
    0x0800371c   0x0800371c   0x00000020   Code   RO          626    i.USBD_FS_ConfigStrDescriptor  usbd_desc.o
    0x0800373c   0x0800373c   0x0000000c   Code   RO          627    i.USBD_FS_DeviceDescriptor  usbd_desc.o
    0x08003748   0x08003748   0x00000024   Code   RO          628    i.USBD_FS_InterfaceStrDescriptor  usbd_desc.o
    0x0800376c   0x0800376c   0x0000000c   Code   RO          629    i.USBD_FS_LangIDStrDescriptor  usbd_desc.o
    0x08003778   0x08003778   0x00000028   Code   RO          630    i.USBD_FS_ManufacturerStrDescriptor  usbd_desc.o
    0x080037a0   0x080037a0   0x0000002c   Code   RO          631    i.USBD_FS_ProductStrDescriptor  usbd_desc.o
    0x080037cc   0x080037cc   0x00000038   Code   RO          632    i.USBD_FS_SerialStrDescriptor  usbd_desc.o
    0x08003804   0x08003804   0x000000e8   Code   RO         3589    i.USBD_GetDescriptor  usbd_ctlreq.o
    0x080038ec   0x080038ec   0x00000048   Code   RO         3590    i.USBD_GetString    usbd_ctlreq.o
    0x08003934   0x08003934   0x00000018   Code   RO          777    i.USBD_Get_USB_Status  usbd_conf.o
    0x0800394c   0x0800394c   0x0000002a   Code   RO         3452    i.USBD_Init         usbd_core.o
    0x08003976   0x08003976   0x00000012   Code   RO          778    i.USBD_LL_ClearStallEP  usbd_conf.o
    0x08003988   0x08003988   0x00000012   Code   RO          779    i.USBD_LL_CloseEP   usbd_conf.o
    0x0800399a   0x0800399a   0x000000c6   Code   RO         3453    i.USBD_LL_DataInStage  usbd_core.o
    0x08003a60   0x08003a60   0x00000082   Code   RO         3454    i.USBD_LL_DataOutStage  usbd_core.o
    0x08003ae2   0x08003ae2   0x00000008   Code   RO          783    i.USBD_LL_GetRxDataSize  usbd_conf.o
    0x08003aea   0x08003aea   0x00000002   PAD
    0x08003aec   0x08003aec   0x00000080   Code   RO          784    i.USBD_LL_Init      usbd_conf.o
    0x08003b6c   0x08003b6c   0x00000020   Code   RO          785    i.USBD_LL_IsStallEP  usbd_conf.o
    0x08003b8c   0x08003b8c   0x00000018   Code   RO          786    i.USBD_LL_OpenEP    usbd_conf.o
    0x08003ba4   0x08003ba4   0x00000012   Code   RO          787    i.USBD_LL_PrepareReceive  usbd_conf.o
    0x08003bb6   0x08003bb6   0x00000050   Code   RO         3459    i.USBD_LL_Reset     usbd_core.o
    0x08003c06   0x08003c06   0x00000014   Code   RO         3460    i.USBD_LL_Resume    usbd_core.o
    0x08003c1a   0x08003c1a   0x00000018   Code   RO         3461    i.USBD_LL_SOF       usbd_core.o
    0x08003c32   0x08003c32   0x00000006   Code   RO         3462    i.USBD_LL_SetSpeed  usbd_core.o
    0x08003c38   0x08003c38   0x00000012   Code   RO          788    i.USBD_LL_SetUSBAddress  usbd_conf.o
    0x08003c4a   0x08003c4a   0x0000005a   Code   RO         3463    i.USBD_LL_SetupStage  usbd_core.o
    0x08003ca4   0x08003ca4   0x00000012   Code   RO          789    i.USBD_LL_StallEP   usbd_conf.o
    0x08003cb6   0x08003cb6   0x00000012   Code   RO          790    i.USBD_LL_Start     usbd_conf.o
    0x08003cc8   0x08003cc8   0x00000012   Code   RO         3464    i.USBD_LL_Suspend   usbd_core.o
    0x08003cda   0x08003cda   0x00000012   Code   RO          792    i.USBD_LL_Transmit  usbd_conf.o
    0x08003cec   0x08003cec   0x00000028   Code   RO         3591    i.USBD_ParseSetupRequest  usbd_ctlreq.o
    0x08003d14   0x08003d14   0x00000010   Code   RO         3465    i.USBD_RegisterClass  usbd_core.o
    0x08003d24   0x08003d24   0x00000016   Code   RO         3467    i.USBD_SetClassConfig  usbd_core.o
    0x08003d3a   0x08003d3a   0x00000002   PAD
    0x08003d3c   0x08003d3c   0x00000084   Code   RO         3592    i.USBD_SetConfig    usbd_ctlreq.o
    0x08003dc0   0x08003dc0   0x0000000a   Code   RO         3468    i.USBD_Start        usbd_core.o
    0x08003dca   0x08003dca   0x00000112   Code   RO         3593    i.USBD_StdDevReq    usbd_ctlreq.o
    0x08003edc   0x08003edc   0x00000150   Code   RO         3594    i.USBD_StdEPReq     usbd_ctlreq.o
    0x0800402c   0x0800402c   0x0000004e   Code   RO         3595    i.USBD_StdItfReq    usbd_ctlreq.o
    0x0800407a   0x0800407a   0x00000002   Code   RO          793    i.USBD_static_free  usbd_conf.o
    0x0800407c   0x0800407c   0x00000008   Code   RO          794    i.USBD_static_malloc  usbd_conf.o
    0x08004084   0x08004084   0x00000258   Code   RO         1284    i.USB_ActivateEndpoint  stm32f1xx_ll_usb.o
    0x080042dc   0x080042dc   0x00000004   Code   RO         1287    i.USB_CoreInit      stm32f1xx_ll_usb.o
    0x080042e0   0x080042e0   0x0000010e   Code   RO         1289    i.USB_DeactivateEndpoint  stm32f1xx_ll_usb.o
    0x080043ee   0x080043ee   0x00000004   Code   RO         1290    i.USB_DevConnect    stm32f1xx_ll_usb.o
    0x080043f2   0x080043f2   0x00000004   Code   RO         1291    i.USB_DevDisconnect  stm32f1xx_ll_usb.o
    0x080043f6   0x080043f6   0x00000012   Code   RO         1292    i.USB_DevInit       stm32f1xx_ll_usb.o
    0x08004408   0x08004408   0x0000000e   Code   RO         1293    i.USB_DisableGlobalInt  stm32f1xx_ll_usb.o
    0x08004416   0x08004416   0x00000004   Code   RO         1294    i.USB_EP0_OutStart  stm32f1xx_ll_usb.o
    0x0800441a   0x0800441a   0x00000078   Code   RO         1295    i.USB_EPClearStall  stm32f1xx_ll_usb.o
    0x08004492   0x08004492   0x00000032   Code   RO         1296    i.USB_EPSetStall    stm32f1xx_ll_usb.o
    0x080044c4   0x080044c4   0x000004ce   Code   RO         1297    i.USB_EPStartXfer   stm32f1xx_ll_usb.o
    0x08004992   0x08004992   0x00000012   Code   RO         1298    i.USB_EnableGlobalInt  stm32f1xx_ll_usb.o
    0x080049a4   0x080049a4   0x0000000c   Code   RO          491    i.USB_LP_CAN1_RX0_IRQHandler  stm32f1xx_it.o
    0x080049b0   0x080049b0   0x00000006   Code   RO         1305    i.USB_ReadInterrupts  stm32f1xx_ll_usb.o
    0x080049b6   0x080049b6   0x00000002   PAD
    0x080049b8   0x080049b8   0x0000002c   Code   RO         1306    i.USB_ReadPMA       stm32f1xx_ll_usb.o
    0x080049e4   0x080049e4   0x00000004   Code   RO         1307    i.USB_SetCurrentMode  stm32f1xx_ll_usb.o
    0x080049e8   0x080049e8   0x0000000c   Code   RO         1308    i.USB_SetDevAddress  stm32f1xx_ll_usb.o
    0x080049f4   0x080049f4   0x00000026   Code   RO         1310    i.USB_WritePMA      stm32f1xx_ll_usb.o
    0x08004a1a   0x08004a1a   0x00000002   Code   RO          492    i.UsageFault_Handler  stm32f1xx_it.o
    0x08004a1c   0x08004a1c   0x00000028   Code   RO         3911    i.__ARM_fpclassify  m_ws.l(fpclassify.o)
    0x08004a44   0x08004a44   0x00000020   Code   RO         1952    i.__NVIC_SetPriority  stm32f1xx_hal_cortex.o
    0x08004a64   0x08004a64   0x000000aa   Code   RO         3913    i.__kernel_poly     m_ws.l(poly.o)
    0x08004b0e   0x08004b0e   0x00000002   PAD
    0x08004b10   0x08004b10   0x00000010   Code   RO         3897    i.__mathlib_dbl_divzero  m_ws.l(dunder.o)
    0x08004b20   0x08004b20   0x00000004   Code   RO         3899    i.__mathlib_dbl_infnan2  m_ws.l(dunder.o)
    0x08004b24   0x08004b24   0x0000000c   Code   RO         3900    i.__mathlib_dbl_invalid  m_ws.l(dunder.o)
    0x08004b30   0x08004b30   0x0000000e   Code   RO         3901    i.__mathlib_dbl_overflow  m_ws.l(dunder.o)
    0x08004b3e   0x08004b3e   0x00000002   PAD
    0x08004b40   0x08004b40   0x00000010   Code   RO         3903    i.__mathlib_dbl_underflow  m_ws.l(dunder.o)
    0x08004b50   0x08004b50   0x0000000e   Code   RO         3972    i.__scatterload_copy  mc_w.l(handlers.o)
    0x08004b5e   0x08004b5e   0x00000002   Code   RO         3973    i.__scatterload_null  mc_w.l(handlers.o)
    0x08004b60   0x08004b60   0x0000000e   Code   RO         3974    i.__scatterload_zeroinit  mc_w.l(handlers.o)
    0x08004b6e   0x08004b6e   0x00000002   PAD
    0x08004b70   0x08004b70   0x0000000c   Code   RO         3946    i.__set_errno       mc_w.l(errno.o)
    0x08004b7c   0x08004b7c   0x00000050   Code   RO         3839    i.free              mc_w.l(malloc.o)
    0x08004bcc   0x08004bcc   0x0000049c   Code   RO          340    i.main              main.o
    0x08005068   0x08005068   0x0000006c   Code   RO         3840    i.malloc            mc_w.l(malloc.o)
    0x080050d4   0x080050d4   0x000009d8   Code   RO         3817    i.pow               m_ws.l(pow.o)
    0x08005aac   0x08005aac   0x0000004c   Code   RO         3917    i.sqrt              m_ws.l(sqrt.o)
    0x08005af8   0x08005af8   0x00000022   Code   RO          266    i.subString         serial.o
    0x08005b1a   0x08005b1a   0x00000010   Data   RO         3414    .constdata          system_stm32f1xx.o
    0x08005b2a   0x08005b2a   0x00000006   PAD
    0x08005b30   0x08005b30   0x00000088   Data   RO         3818    .constdata          m_ws.l(pow.o)
    0x08005bb8   0x08005bb8   0x00000008   Data   RO         3915    .constdata          m_ws.l(qnan.o)
    0x08005bc0   0x08005bc0   0x00000020   Data   RO         3970    Region$$Table       anon$$obj.o


    Execution Region RW_IRAM1 (Exec base: 0x20000000, Load base: 0x08005be0, Size: 0x00001950, Max: 0x00005000, ABSOLUTE, COMPRESSED[0x000000c8])

    Exec Addr    Load Addr    Size         Type   Attr      Idx    E Section Name        Object

    0x20000000   COMPRESSED   0x00000002   Data   RW           24    .data               motor.o
    0x20000002   COMPRESSED   0x00000002   PAD
    0x20000004   COMPRESSED   0x00000018   Data   RW           25    .data               motor.o
    0x2000001c   COMPRESSED   0x00000004   Data   RW          222    .data               pid.o
    0x20000020   COMPRESSED   0x00000001   Data   RW          268    .data               serial.o
    0x20000021   COMPRESSED   0x00000012   Data   RW          269    .data               serial.o
    0x20000033   COMPRESSED   0x00000001   PAD
    0x20000034   COMPRESSED   0x0000001c   Data   RW          342    .data               main.o
    0x20000050   COMPRESSED   0x0000001c   Data   RW          634    .data               usbd_desc.o
    0x2000006c   COMPRESSED   0x00000032   Data   RW          635    .data               usbd_desc.o
    0x2000009e   COMPRESSED   0x00000002   PAD
    0x200000a0   COMPRESSED   0x00000010   Data   RW          717    .data               usbd_cdc_if.o
    0x200000b0   COMPRESSED   0x0000000c   Data   RW         1489    .data               stm32f1xx_hal.o
    0x200000bc   COMPRESSED   0x00000004   Data   RW         3416    .data               system_stm32f1xx.o
    0x200000c0   COMPRESSED   0x00000001   Data   RW         3596    .data               usbd_ctlreq.o
    0x200000c1   COMPRESSED   0x00000003   PAD
    0x200000c4   COMPRESSED   0x000000d7   Data   RW         3728    .data               usbd_cdc.o
    0x2000019b   COMPRESSED   0x00000001   PAD
    0x2000019c   COMPRESSED   0x00000038   Data   RW         3729    .data               usbd_cdc.o
    0x200001d4   COMPRESSED   0x00000004   Data   RW         3942    .data               mc_w.l(mvars.o)
    0x200001d8   COMPRESSED   0x00000004   Data   RW         3943    .data               mc_w.l(mvars.o)
    0x200001dc   COMPRESSED   0x00000004   Data   RW         3947    .data               mc_w.l(errno.o)
    0x200001e0        -       0x00000048   Zero   RW           23    .bss                motor.o
    0x20000228        -       0x000000d8   Zero   RW          418    .bss                tim.o
    0x20000300        -       0x000002c4   Zero   RW          595    .bss                usb_device.o
    0x200005c4        -       0x00000200   Zero   RW          633    .bss                usbd_desc.o
    0x200007c4        -       0x00000080   Zero   RW          716    .bss                usbd_cdc_if.o
    0x20000844        -       0x0000050c   Zero   RW          795    .bss                usbd_conf.o
    0x20000d50        -       0x00000800   Zero   RW            2    HEAP                startup_stm32f103xb.o
    0x20001550        -       0x00000400   Zero   RW            1    STACK               startup_stm32f103xb.o


==============================================================================

Image component sizes


      Code (inc. data)   RO Data    RW Data    ZI Data      Debug   Object Name

       168         12          0          0          0        915   gpio.o
      1718        212          0         28          0       4437   main.o
      1110        150          0         26         72     435594   motor.o
       164         12          0          4          0       2120   pid.o
       230         12          0         19          0       9744   serial.o
        36          8        236          0       3072        780   startup_stm32f103xb.o
       128         24          0         12          0       5129   stm32f1xx_hal.o
       198         14          0          0          0      28791   stm32f1xx_hal_cortex.o
       506         34          0          0          0       3409   stm32f1xx_hal_gpio.o
        60          8          0          0          0        822   stm32f1xx_hal_msp.o
      2684          0          0          0          0      12825   stm32f1xx_hal_pcd.o
        60          0          0          0          0       1126   stm32f1xx_hal_pcd_ex.o
      1208         76          0          0          0       3966   stm32f1xx_hal_rcc.o
       236         12          0          0          0       1332   stm32f1xx_hal_rcc_ex.o
      2074         58          0          0          0      17165   stm32f1xx_hal_tim.o
       108         12          0          0          0       2273   stm32f1xx_hal_tim_ex.o
        44         12          0          0          0       4485   stm32f1xx_it.o
      2440          0          0          0          0      15579   stm32f1xx_ll_usb.o
         2          0         16          4          0       1047   system_stm32f1xx.o
       600         56          0          0        216       4072   tim.o
        84         18          0          0        708        744   usb_device.o
       726         16          0        271          0      12606   usbd_cdc.o
       132         26          0         16        128       3261   usbd_cdc_if.o
       556         30          0          0       1292      13597   usbd_conf.o
       670          0          0          0          0       9127   usbd_core.o
      1186         28          0          1          0       7700   usbd_ctlreq.o
       288        104          0         78        512       5677   usbd_desc.o
       132          0          0          0          0       4156   usbd_ioreq.o

    ----------------------------------------------------------------------
     17582        934        290        468       6000     612479   Object Totals
         0          0         32          0          0          0   (incl. Generated)
        34          0          6          9          0          0   (incl. Padding)

    ----------------------------------------------------------------------

      Code (inc. data)   RO Data    RW Data    ZI Data      Debug   Library Member Name

        62         10          0          0          0        340   dunder.o
        40          0          0          0          0         68   fpclassify.o
       170          0          0          0          0         96   poly.o
      2520        190        136          0          0        324   pow.o
         0          0          8          0          0          0   qnan.o
        76          0          0          0          0         84   sqrt.o
        86          0          0          0          0          0   __dczerorl2.o
         0          0          0          0          0          0   entry.o
         0          0          0          0          0          0   entry10a.o
         0          0          0          0          0          0   entry11a.o
         8          4          0          0          0          0   entry2.o
         4          0          0          0          0          0   entry5.o
         0          0          0          0          0          0   entry7b.o
         0          0          0          0          0          0   entry8b.o
         8          4          0          0          0          0   entry9a.o
        12          6          0          4          0         68   errno.o
        30          0          0          0          0          0   handlers.o
        36          8          0          0          0         68   init.o
         0          0          0          0          0          0   iusefp.o
        30          0          0          0          0         68   llshl.o
        36          0          0          0          0         68   llsshr.o
        32          0          0          0          0         68   llushr.o
       188         20          0          0          0        160   malloc.o
        36          0          0          0          0         68   memcpya.o
        36          0          0          0          0        108   memseta.o
         0          0          0          8          0          0   mvars.o
        14          0          0          0          0         68   strlen.o
        48          0          0          0          0         68   cdrcmple.o
        20          0          0          0          0         68   cfcmple.o
        20          0          0          0          0         68   cfrcmple.o
        56          0          0          0          0         88   d2f.o
       334          0          0          0          0        148   dadd.o
       222          0          0          0          0        100   ddiv.o
       186          0          0          0          0        176   depilogue.o
        34          0          0          0          0         76   dflti.o
        26          0          0          0          0         76   dfltui.o
       228          0          0          0          0         96   dmul.o
        46          0          0          0          0         80   dscalb.o
       162          0          0          0          0        100   dsqrt.o
        38          0          0          0          0         68   f2d.o
       176          0          0          0          0        140   fadd.o
       124          0          0          0          0         88   fdiv.o
       110          0          0          0          0        168   fepilogue.o
        50          0          0          0          0         68   ffixi.o
        40          0          0          0          0         68   ffixui.o
        18          0          0          0          0         68   fflti.o
        10          0          0          0          0         68   ffltui.o
       100          0          0          0          0         76   fmul.o
        24          0          0          0          0         68   fscalb.o

    ----------------------------------------------------------------------
      5504        242        144         12          0       3680   Library Totals
         8          0          0          0          0          0   (incl. Padding)

    ----------------------------------------------------------------------

      Code (inc. data)   RO Data    RW Data    ZI Data      Debug   Library Name

      2868        200        144          0          0        912   m_ws.l
       556         42          0         12          0        744   mc_w.l
      2072          0          0          0          0       2024   mf_w.l

    ----------------------------------------------------------------------
      5504        242        144         12          0       3680   Library Totals

    ----------------------------------------------------------------------

==============================================================================


      Code (inc. data)   RO Data    RW Data    ZI Data      Debug   

     23086       1176        434        480       6000     604431   Grand Totals
     23086       1176        434        200       6000     604431   ELF Image Totals (compressed)
     23086       1176        434        200          0          0   ROM Totals

==============================================================================

    Total RO  Size (Code + RO Data)                23520 (  22.97kB)
    Total RW  Size (RW Data + ZI Data)              6480 (   6.33kB)
    Total ROM Size (Code + RO Data + RW Data)      23720 (  23.16kB)

==============================================================================

